Archive member included to satisfy reference by file (symbol)

C:/ST/STM32CubeIDE_1.19.0/STM32CubeIDE/plugins/com.st.stm32cube.ide.mcu.externaltools.gnu-tools-for-stm32.13.3.rel1.win32_1.0.0.202411081344/tools/bin/../lib/gcc/arm-none-eabi/13.3.1/../../../../arm-none-eabi/lib/thumb/v7-m/nofp\libc_nano.a(libc_a-exit.o)
                              C:/ST/STM32CubeIDE_1.19.0/STM32CubeIDE/plugins/com.st.stm32cube.ide.mcu.externaltools.gnu-tools-for-stm32.13.3.rel1.win32_1.0.0.202411081344/tools/bin/../lib/gcc/arm-none-eabi/13.3.1/../../../../arm-none-eabi/lib/thumb/v7-m/nofp/crt0.o (exit)
C:/ST/STM32CubeIDE_1.19.0/STM32CubeIDE/plugins/com.st.stm32cube.ide.mcu.externaltools.gnu-tools-for-stm32.13.3.rel1.win32_1.0.0.202411081344/tools/bin/../lib/gcc/arm-none-eabi/13.3.1/../../../../arm-none-eabi/lib/thumb/v7-m/nofp\libc_nano.a(libc_a-rand.o)
                              ./Core/Src/main.o (srand)
C:/ST/STM32CubeIDE_1.19.0/STM32CubeIDE/plugins/com.st.stm32cube.ide.mcu.externaltools.gnu-tools-for-stm32.13.3.rel1.win32_1.0.0.202411081344/tools/bin/../lib/gcc/arm-none-eabi/13.3.1/../../../../arm-none-eabi/lib/thumb/v7-m/nofp\libc_nano.a(libc_a-ctype_.o)
                              ./Core/Src/Handlers/Validation.o (_ctype_)
C:/ST/STM32CubeIDE_1.19.0/STM32CubeIDE/plugins/com.st.stm32cube.ide.mcu.externaltools.gnu-tools-for-stm32.13.3.rel1.win32_1.0.0.202411081344/tools/bin/../lib/gcc/arm-none-eabi/13.3.1/../../../../arm-none-eabi/lib/thumb/v7-m/nofp\libc_nano.a(libc_a-nano-vfprintf_float.o)
                              (_printf_float)
C:/ST/STM32CubeIDE_1.19.0/STM32CubeIDE/plugins/com.st.stm32cube.ide.mcu.externaltools.gnu-tools-for-stm32.13.3.rel1.win32_1.0.0.202411081344/tools/bin/../lib/gcc/arm-none-eabi/13.3.1/../../../../arm-none-eabi/lib/thumb/v7-m/nofp\libc_nano.a(libc_a-nano-vfprintf_i.o)
                              C:/ST/STM32CubeIDE_1.19.0/STM32CubeIDE/plugins/com.st.stm32cube.ide.mcu.externaltools.gnu-tools-for-stm32.13.3.rel1.win32_1.0.0.202411081344/tools/bin/../lib/gcc/arm-none-eabi/13.3.1/../../../../arm-none-eabi/lib/thumb/v7-m/nofp\libc_nano.a(libc_a-nano-vfprintf_float.o) (_printf_common)
C:/ST/STM32CubeIDE_1.19.0/STM32CubeIDE/plugins/com.st.stm32cube.ide.mcu.externaltools.gnu-tools-for-stm32.13.3.rel1.win32_1.0.0.202411081344/tools/bin/../lib/gcc/arm-none-eabi/13.3.1/../../../../arm-none-eabi/lib/thumb/v7-m/nofp\libc_nano.a(libc_a-findfp.o)
                              C:/ST/STM32CubeIDE_1.19.0/STM32CubeIDE/plugins/com.st.stm32cube.ide.mcu.externaltools.gnu-tools-for-stm32.13.3.rel1.win32_1.0.0.202411081344/tools/bin/../lib/gcc/arm-none-eabi/13.3.1/../../../../arm-none-eabi/lib/thumb/v7-m/nofp\libc_nano.a(libc_a-exit.o) (__stdio_exit_handler)
C:/ST/STM32CubeIDE_1.19.0/STM32CubeIDE/plugins/com.st.stm32cube.ide.mcu.externaltools.gnu-tools-for-stm32.13.3.rel1.win32_1.0.0.202411081344/tools/bin/../lib/gcc/arm-none-eabi/13.3.1/../../../../arm-none-eabi/lib/thumb/v7-m/nofp\libc_nano.a(libc_a-fwalk.o)
                              C:/ST/STM32CubeIDE_1.19.0/STM32CubeIDE/plugins/com.st.stm32cube.ide.mcu.externaltools.gnu-tools-for-stm32.13.3.rel1.win32_1.0.0.202411081344/tools/bin/../lib/gcc/arm-none-eabi/13.3.1/../../../../arm-none-eabi/lib/thumb/v7-m/nofp\libc_nano.a(libc_a-findfp.o) (_fwalk_sglue)
C:/ST/STM32CubeIDE_1.19.0/STM32CubeIDE/plugins/com.st.stm32cube.ide.mcu.externaltools.gnu-tools-for-stm32.13.3.rel1.win32_1.0.0.202411081344/tools/bin/../lib/gcc/arm-none-eabi/13.3.1/../../../../arm-none-eabi/lib/thumb/v7-m/nofp\libc_nano.a(libc_a-printf.o)
                              ./Core/Src/Handlers/AlarmWakeUp.o (printf)
C:/ST/STM32CubeIDE_1.19.0/STM32CubeIDE/plugins/com.st.stm32cube.ide.mcu.externaltools.gnu-tools-for-stm32.13.3.rel1.win32_1.0.0.202411081344/tools/bin/../lib/gcc/arm-none-eabi/13.3.1/../../../../arm-none-eabi/lib/thumb/v7-m/nofp\libc_nano.a(libc_a-snprintf.o)
                              ./Core/Src/SIMCOM.o (snprintf)
C:/ST/STM32CubeIDE_1.19.0/STM32CubeIDE/plugins/com.st.stm32cube.ide.mcu.externaltools.gnu-tools-for-stm32.13.3.rel1.win32_1.0.0.202411081344/tools/bin/../lib/gcc/arm-none-eabi/13.3.1/../../../../arm-none-eabi/lib/thumb/v7-m/nofp\libc_nano.a(libc_a-stdio.o)
                              C:/ST/STM32CubeIDE_1.19.0/STM32CubeIDE/plugins/com.st.stm32cube.ide.mcu.externaltools.gnu-tools-for-stm32.13.3.rel1.win32_1.0.0.202411081344/tools/bin/../lib/gcc/arm-none-eabi/13.3.1/../../../../arm-none-eabi/lib/thumb/v7-m/nofp\libc_nano.a(libc_a-findfp.o) (__sread)
C:/ST/STM32CubeIDE_1.19.0/STM32CubeIDE/plugins/com.st.stm32cube.ide.mcu.externaltools.gnu-tools-for-stm32.13.3.rel1.win32_1.0.0.202411081344/tools/bin/../lib/gcc/arm-none-eabi/13.3.1/../../../../arm-none-eabi/lib/thumb/v7-m/nofp\libc_nano.a(libc_a-memset.o)
[...]
Memory Configuration

Name             Origin             Length             Attributes
RAM              0x20000000         0x00005000         xrw
FLASH            0x08000000         0x00010000         xr
*default*        0x00000000         0xffffffff

Linker script and memory map

LOAD C:/ST/STM32CubeIDE_1.19.0/STM32CubeIDE/plugins/com.st.stm32cube.ide.mcu.externaltools.gnu-tools-for-stm32.13.3.rel1.win32_1.0.0.202411081344/tools/bin/../lib/gcc/arm-none-eabi/13.3.1/thumb/v7-m/nofp/crti.o
LOAD C:/ST/STM32CubeIDE_1.19.0/STM32CubeIDE/plugins/com.st.stm32cube.ide.mcu.externaltools.gnu-tools-for-stm32.13.3.rel1.win32_1.0.0.202411081344/tools/bin/../lib/gcc/arm-none-eabi/13.3.1/thumb/v7-m/nofp/crtbegin.o
LOAD C:/ST/STM32CubeIDE_1.19.0/STM32CubeIDE/plugins/com.st.stm32cube.ide.mcu.externaltools.gnu-tools-for-stm32.13.3.rel1.win32_1.0.0.202411081344/tools/bin/../lib/gcc/arm-none-eabi/13.3.1/../../../../arm-none-eabi/lib/thumb/v7-m/nofp/crt0.o
LOAD ./Core/Src/HX711.o
LOAD ./Core/Src/RTC.o
LOAD ./Core/Src/SIMCOM.o
LOAD ./Core/Src/Ultrasonic.o
LOAD ./Core/Src/VL53L0X.o
LOAD ./Core/Src/Voltage.o
LOAD ./Core/Src/WATERSENSOR.o
LOAD ./Core/Src/main.o
LOAD ./Core/Src/stm32f1xx_hal_msp.o
LOAD ./Core/Src/stm32f1xx_it.o
LOAD ./Core/Src/syscalls.o
LOAD ./Core/Src/sysmem.o
LOAD ./Core/Src/system_stm32f1xx.o
LOAD ./Core/Src/Handlers/AlarmWakeUp.o
LOAD ./Core/Src/Handlers/FORMAT.o
LOAD ./Core/Src/Handlers/OpenInput.o
LOAD ./Core/Src/Handlers/PostPer.o
LOAD ./Core/Src/Handlers/PostUCO.o
LOAD ./Core/Src/Handlers/Recheck.o
LOAD ./Core/Src/Handlers/Sleep.o
LOAD ./Core/Src/Handlers/UnlockDoor.o
LOAD ./Core/Src/Handlers/Validation.o
LOAD ./Core/Src/Handlers/closeInput.o
LOAD ./Core/Src/Handlers/handshake.o
LOAD ./Core/Startup/startup_stm32f103c8tx.o
LOAD ./Drivers/STM32F1xx_HAL_Driver/Src/stm32f1xx_hal.o
LOAD ./Drivers/STM32F1xx_HAL_Driver/Src/stm32f1xx_hal_adc.o
LOAD ./Drivers/STM32F1xx_HAL_Driver/Src/stm32f1xx_hal_adc_ex.o
LOAD ./Drivers/STM32F1xx_HAL_Driver/Src/stm32f1xx_hal_cortex.o
LOAD ./Drivers/STM32F1xx_HAL_Driver/Src/stm32f1xx_hal_dma.o
LOAD ./Drivers/STM32F1xx_HAL_Driver/Src/stm32f1xx_hal_exti.o
LOAD ./Drivers/STM32F1xx_HAL_Driver/Src/stm32f1xx_hal_flash.o
LOAD ./Drivers/STM32F1xx_HAL_Driver/Src/stm32f1xx_hal_flash_ex.o
LOAD ./Drivers/STM32F1xx_HAL_Driver/Src/stm32f1xx_hal_gpio.o
LOAD ./Drivers/STM32F1xx_HAL_Driver/Src/stm32f1xx_hal_gpio_ex.o
LOAD ./Drivers/STM32F1xx_HAL_Driver/Src/stm32f1xx_hal_i2c.o
LOAD ./Drivers/STM32F1xx_HAL_Driver/Src/stm32f1xx_hal_pwr.o
LOAD ./Drivers/STM32F1xx_HAL_Driver/Src/stm32f1xx_hal_rcc.o
LOAD ./Drivers/STM32F1xx_HAL_Driver/Src/stm32f1xx_hal_rcc_ex.o
LOAD ./Drivers/STM32F1xx_HAL_Driver/Src/stm32f1xx_hal_rtc.o
LOAD ./Drivers/STM32F1xx_HAL_Driver/Src/stm32f1xx_hal_rtc_ex.o
LOAD ./Drivers/STM32F1xx_HAL_Driver/Src/stm32f1xx_hal_tim.o
LOAD ./Drivers/STM32F1xx_HAL_Driver/Src/stm32f1xx_hal_tim_ex.o
LOAD ./Drivers/STM32F1xx_HAL_Driver/Src/stm32f1xx_hal_uart.o
START GROUP
LOAD C:/ST/STM32CubeIDE_1.19.0/STM32CubeIDE/plugins/com.st.stm32cube.ide.mcu.externaltools.gnu-tools-for-stm32.13.3.rel1.win32_1.0.0.202411081344/tools/bin/../lib/gcc/arm-none-eabi/13.3.1/../../../../arm-none-eabi/lib/thumb/v7-m/nofp\libc_nano.a
LOAD C:/ST/STM32CubeIDE_1.19.0/STM32CubeIDE/plugins/com.st.stm32cube.ide.mcu.externaltools.gnu-tools-for-stm32.13.3.rel1.win32_1.0.0.202411081344/tools/bin/../lib/gcc/arm-none-eabi/13.3.1/../../../../arm-none-eabi/lib/thumb/v7-m/nofp\libm.a
END GROUP
START GROUP
LOAD C:/ST/STM32CubeIDE_1.19.0/STM32CubeIDE/plugins/com.st.stm32cube.ide.mcu.externaltools.gnu-tools-for-stm32.13.3.rel1.win32_1.0.0.202411081344/tools/bin/../lib/gcc/arm-none-eabi/13.3.1/thumb/v7-m/nofp\libgcc.a
LOAD C:/ST/STM32CubeIDE_1.19.0/STM32CubeIDE/plugins/com.st.stm32cube.ide.mcu.externaltools.gnu-tools-for-stm32.13.3.rel1.win32_1.0.0.202411081344/tools/bin/../lib/gcc/arm-none-eabi/13.3.1/../../../../arm-none-eabi/lib/thumb/v7-m/nofp\libc_nano.a
END GROUP
START GROUP
LOAD C:/ST/STM32CubeIDE_1.19.0/STM32CubeIDE/plugins/com.st.stm32cube.ide.mcu.externaltools.gnu-tools-for-stm32.13.3.rel1.win32_1.0.0.202411081344/tools/bin/../lib/gcc/arm-none-eabi/13.3.1/thumb/v7-m/nofp\libgcc.a
LOAD C:/ST/STM32CubeIDE_1.19.0/STM32CubeIDE/plugins/com.st.stm32cube.ide.mcu.externaltools.gnu-tools-for-stm32.13.3.rel1.win32_1.0.0.202411081344/tools/bin/../lib/gcc/arm-none-eabi/13.3.1/../../../../arm-none-eabi/lib/thumb/v7-m/nofp\libc_nano.a
LOAD C:/ST/STM32CubeIDE_1.19.0/STM32CubeIDE/plugins/com.st.stm32cube.ide.mcu.externaltools.gnu-tools-for-stm32.13.3.rel1.win32_1.0.0.202411081344/tools/bin/../lib/gcc/arm-none-eabi/13.3.1/../../../../arm-none-eabi/lib/thumb/v7-m/nofp\libnosys.a
END GROUP
START GROUP
LOAD C:/ST/STM32CubeIDE_1.19.0/STM32CubeIDE/plugins/com.st.stm32cube.ide.mcu.externaltools.gnu-tools-for-stm32.13.3.rel1.win32_1.0.0.202411081344/tools/bin/../lib/gcc/arm-none-eabi/13.3.1/thumb/v7-m/nofp\libgcc.a
LOAD C:/ST/STM32CubeIDE_1.19.0/STM32CubeIDE/plugins/com.st.stm32cube.ide.mcu.externaltools.gnu-tools-for-stm32.13.3.rel1.win32_1.0.0.202411081344/tools/bin/../lib/gcc/arm-none-eabi/13.3.1/../../../../arm-none-eabi/lib/thumb/v7-m/nofp\libc_nano.a
LOAD C:/ST/STM32CubeIDE_1.19.0/STM32CubeIDE/plugins/com.st.stm32cube.ide.mcu.externaltools.gnu-tools-for-stm32.13.3.rel1.win32_1.0.0.202411081344/tools/bin/../lib/gcc/arm-none-eabi/13.3.1/../../../../arm-none-eabi/lib/thumb/v7-m/nofp\libnosys.a
END GROUP
LOAD C:/ST/STM32CubeIDE_1.19.0/STM32CubeIDE/plugins/com.st.stm32cube.ide.mcu.externaltools.gnu-tools-for-stm32.13.3.rel1.win32_1.0.0.202411081344/tools/bin/../lib/gcc/arm-none-eabi/13.3.1/thumb/v7-m/nofp/crtend.o
LOAD C:/ST/STM32CubeIDE_1.19.0/STM32CubeIDE/plugins/com.st.stm32cube.ide.mcu.externaltools.gnu-tools-for-stm32.13.3.rel1.win32_1.0.0.202411081344/tools/bin/../lib/gcc/arm-none-eabi/13.3.1/thumb/v7-m/nofp/crtn.o
                0x20005000                        _estack = (ORIGIN (RAM) + LENGTH (RAM))
                0x00000200                        _Min_Heap_Size = 0x200
                0x00000400                        _Min_Stack_Size = 0x400

.isr_vector     0x08000000      0x10c
                0x08000000                        . = ALIGN (0x4)
 *(.isr_vector)
 .isr_vector    0x08000000      0x10c ./Core/Startup/startup_stm32f103c8tx.o
                0x08000000                g_pfnVectors
                0x0800010c                        . = ALIGN (0x4)

.text           0x08000110     0xa490
                0x08000110                        . = ALIGN (0x4)
 *(.text)
 .text          0x08000110       0x40 C:/ST/STM32CubeIDE_1.19.0/STM32CubeIDE/plugins/com.st.stm32cube.ide.mcu.externaltools.gnu-tools-for-stm32.13.3.rel1.win32_1.0.0.202411081344/tools/bin/../lib/gcc/arm-none-eabi/13.3.1/thumb/v7-m/nofp/crtbegin.o
 .text          0x08000150       0x10 C:/ST/STM32CubeIDE_1.19.0/STM32CubeIDE/plugins/com.st.stm32cube.ide.mcu.externaltools.gnu-tools-for-stm32.13.3.rel1.win32_1.0.0.202411081344/tools/bin/../lib/gcc/arm-none-eabi/13.3.1/../../../../arm-none-eabi/lib/thumb/v7-m/nofp\libc_nano.a(libc_a-strlen.o)
                0x08000150                strlen
 .text          0x08000160      0x378 C:/ST/STM32CubeIDE_1.19.0/STM32CubeIDE/plugins/com.st.stm32cube.ide.mcu.externaltools.gnu-tools-for-stm32.13.3.rel1.win32_1.0.0.202411081344/tools/bin/../lib/gcc/arm-none-eabi/13.3.1/thumb/v7-m/nofp\libgcc.a(_arm_addsubdf3.o)
                0x08000160                __aeabi_drsub
                0x08000168                __aeabi_dsub
                0x08000168                __subdf3
                0x0800016c                __aeabi_dadd
                0x0800016c                __adddf3
                0x080003e4                __floatunsidf
                0x080003e4                __aeabi_ui2d
                0x08000404                __floatsidf
                0x08000404                __aeabi_i2d
                0x08000428                __aeabi_f2d
                0x08000428                __extendsfdf2
                0x0800046c                __floatundidf
                0x0800046c                __aeabi_ul2d
                0x0800047c                __floatdidf
                0x0800047c                __aeabi_l2d
 .text          0x080004d8      0x424 C:/ST/STM32CubeIDE_1.19.0/STM32CubeIDE/plugins/com.st.stm32cube.ide.mcu.externaltools.gnu-tools-for-stm32.13.3.rel1.win32_1.0.0.202411081344/tools/bin/../lib/gcc/arm-none-eabi/13.3.1/thumb/v7-m/nofp\libgcc.a(_arm_muldivdf3.o)
                0x080004d8                __aeabi_dmul
                0x080004d8                __muldf3
                0x0800072c                __divdf3
                0x0800072c                __aeabi_ddiv
 .text          0x080008fc      0x110 C:/ST/STM32CubeIDE_1.19.0/STM32CubeIDE/plugins/com.st.stm32cube.ide.mcu.externaltools.gnu-tools-for-stm32.13.3.rel1.win32_1.0.0.202411081344/tools/bin/../lib/gcc/arm-none-eabi/13.3.1/thumb/v7-m/nofp\libgcc.a(_arm_cmpdf2.o)
                0x080008fc                __gtdf2
                0x080008fc                __gedf2
                0x08000904                __ltdf2
                0x08000904                __ledf2
                0x0800090c                __nedf2
                0x0800090c                __eqdf2
                0x0800090c                __cmpdf2
                0x08000988                __aeabi_cdrcmple
                0x08000998                __aeabi_cdcmpeq
                0x08000998                __aeabi_cdcmple
                0x080009a8                __aeabi_dcmpeq
                0x080009bc                __aeabi_dcmplt
                0x080009d0                __aeabi_dcmple
                0x080009e4                __aeabi_dcmpge
                0x080009f8                __aeabi_dcmpgt
 .text          0x08000a0c       0x2c C:/ST/STM32CubeIDE_1.19.0/STM32CubeIDE/plugins/com.st.stm32cube.ide.mcu.externaltools.gnu-tools-for-stm32.13.3.rel1.win32_1.0.0.202411081344/tools/bin/../lib/gcc/arm-none-eabi/13.3.1/thumb/v7-m/nofp\libgcc.a(_arm_unorddf2.o)
                0x08000a0c                __unorddf2
                0x08000a0c                __aeabi_dcmpun
 .text          0x08000a38       0x50 C:/ST/STM32CubeIDE_1.19.0/STM32CubeIDE/plugins/com.st.stm32cube.ide.mcu.externaltools.gnu-tools-for-stm32.13.3.rel1.win32_1.0.0.202411081344/tools/bin/../lib/gcc/arm-none-eabi/13.3.1/thumb/v7-m/nofp\libgcc.a(_arm_fixdfsi.o)
                0x08000a38                __aeabi_d2iz
                0x08000a38                __fixdfsi
 .text          0x08000a88       0xa0 C:/ST/STM32CubeIDE_1.19.0/STM32CubeIDE/plugins/com.st.stm32cube.ide.mcu.externaltools.gnu-tools-for-stm32.13.3.rel1.win32_1.0.0.202411081344/tools/bin/../lib/gcc/arm-none-eabi/13.3.1/thumb/v7-m/nofp\libgcc.a(_arm_truncdfsf2.o)
                0x08000a88                __truncdfsf2
                0x08000a88                __aeabi_d2f
 .text          0x08000b28      0x21c C:/ST/STM32CubeIDE_1.19.0/STM32CubeIDE/plugins/com.st.stm32cube.ide.mcu.externaltools.gnu-tools-for-stm32.13.3.rel1.win32_1.0.0.202411081344/tools/bin/../lib/gcc/arm-none-eabi/13.3.1/thumb/v7-m/nofp\libgcc.a(_arm_addsubsf3.o)
                0x08000b28                __aeabi_frsub
                0x08000b30                __subsf3
                0x08000b30                __aeabi_fsub
                0x08000b34                __aeabi_fadd
                0x08000b34                __addsf3
                0x08000c94                __aeabi_ui2f
                0x08000c94                __floatunsisf
                0x08000c9c                __aeabi_i2f
                0x08000c9c                __floatsisf
                0x08000cb8                __aeabi_ul2f
                0x08000cb8                __floatundisf
                0x08000cc8                __aeabi_l2f
                0x08000cc8                __floatdisf
 .text          0x08000d44      0x2a0 C:/ST/STM32CubeIDE_1.19.0/STM32CubeIDE/plugins/com.st.stm32cube.ide.mcu.externaltools.gnu-tools-for-stm32.13.3.rel1.win32_1.0.0.202411081344/tools/bin/../lib/gcc/arm-none-eabi/13.3.1/thumb/v7-m/nofp\libgcc.a(_arm_muldivsf3.o)
                0x08000d44                __mulsf3
                0x08000d44                __aeabi_fmul
                0x08000eac                __aeabi_fdiv
                0x08000eac                __divsf3
 .text          0x08000fe4       0xec C:/ST/STM32CubeIDE_1.19.0/STM32CubeIDE/plugins/com.st.stm32cube.ide.mcu.externaltools.gnu-tools-for-stm32.13.3.rel1.win32_1.0.0.202411081344/tools/bin/../lib/gcc/arm-none-eabi/13.3.1/thumb/v7-m/nofp\libgcc.a(_arm_cmpsf2.o)
                0x08000fe4                __gesf2
                0x08000fe4                __gtsf2
                0x08000fec                __lesf2
                0x08000fec                __ltsf2
                0x08000ff4                __nesf2
                0x08000ff4                __eqsf2
                0x08000ff4                __cmpsf2
                0x08001054                __aeabi_cfrcmple
                0x0800105c                __aeabi_cfcmpeq
                0x0800105c                __aeabi_cfcmple
                0x0800106c                __aeabi_fcmpeq
                0x08001080                __aeabi_fcmplt
                0x08001094                __aeabi_fcmple
                0x080010a8                __aeabi_fcmpge
                0x080010bc                __aeabi_fcmpgt
 .text          0x080010d0       0x40 C:/ST/STM32CubeIDE_1.19.0/STM32CubeIDE/plugins/com.st.stm32cube.ide.mcu.externaltools.gnu-tools-for-stm32.13.3.rel1.win32_1.0.0.202411081344/tools/bin/../lib/gcc/arm-none-eabi/13.3.1/thumb/v7-m/nofp\libgcc.a(_arm_fixunssfsi.o)
                0x080010d0                __fixunssfsi
                0x080010d0                __aeabi_f2uiz
 *(.text*)
 .text.HX711_InterpFromTable
                0x08001110       0xc0 ./Core/Src/HX711.o
                0x08001110                HX711_InterpFromTable
 .text.HX711_Init
                0x080011d0       0x16 ./Core/Src/HX711.o
                0x080011d0                HX711_Init
 *fill*         0x080011e6        0x2 
 .text.HX711_Read
                0x080011e8       0xa4 ./Core/Src/HX711.o
                0x080011e8                HX711_Read
 .text.HX711_Tare
                0x0800128c       0x40 ./Core/Src/HX711.o
                0x0800128c                HX711_Tare
 .text.HX711_Get_Value
                0x080012cc       0x64 ./Core/Src/HX711.o
                0x080012cc                HX711_Get_Value
 .text.Set_RTC  0x08001330       0x1c ./Core/Src/RTC.o
                0x08001330                Set_RTC
 .text.delay_ms
                0x0800134c       0x16 ./Core/Src/SIMCOM.o
                0x0800134c                delay_ms
 *fill*         0x08001362        0x2 
 .text.Transmit
                0x08001364       0x58 ./Core/Src/SIMCOM.o
                0x08001364                Transmit
 .text.SIM_CheckResponse
                0x080013bc      0x21c ./Core/Src/SIMCOM.o
                0x080013bc                SIM_CheckResponse
 .text.SIMCom_Post
                0x080015d8      0x104 ./Core/Src/SIMCOM.o
                0x080015d8                SIMCom_Post
 .text.SIM_Sleep
                0x080016dc       0xa0 ./Core/Src/SIMCOM.o
                0x080016dc                SIM_Sleep
 .text.SIM_Wakeup
                0x0800177c       0xac ./Core/Src/SIMCOM.o
                0x0800177c                SIM_Wakeup
 .text.delay_us
                0x08001828       0x14 ./Core/Src/Ultrasonic.o
                0x08001828                delay_us
 .text.Ultra_ReadDistance
                0x0800183c       0xc4 ./Core/Src/Ultrasonic.o
                0x0800183c                Ultra_ReadDistance
 .text.timeoutMicrosecondsToMclks
                0x08001900       0x28 ./Core/Src/VL53L0X.o
 .text.encodeTimeout
                0x08001928       0x1c ./Core/Src/VL53L0X.o
 .text.writeReg
                0x08001944       0x34 ./Core/Src/VL53L0X.o
                0x08001944                writeReg
 .text.writeReg16Bit
                0x08001978       0x38 ./Core/Src/VL53L0X.o
                0x08001978                writeReg16Bit
 .text.readReg  0x080019b0       0x38 ./Core/Src/VL53L0X.o
                0x080019b0                readReg
 .text.readReg16Bit
                0x080019e8       0x38 ./Core/Src/VL53L0X.o
                0x080019e8                readReg16Bit
 .text.writeMulti
                0x08001a20       0x38 ./Core/Src/VL53L0X.o
                0x08001a20                writeMulti
 .text.readMulti
                0x08001a58       0x30 ./Core/Src/VL53L0X.o
                0x08001a58                readMulti
 .text.setSignalRateLimit
                0x08001a88       0x50 ./Core/Src/VL53L0X.o
                0x08001a88                setSignalRateLimit
 .text.getVcselPulsePeriod
                0x08001ad8       0x1e ./Core/Src/VL53L0X.o
                0x08001ad8                getVcselPulsePeriod
 *fill*         0x08001af6        0x2 
 .text.readRangeContinuousMillimeters
                0x08001af8       0x94 ./Core/Src/VL53L0X.o
                0x08001af8                readRangeContinuousMillimeters
 .text.readRangeSingleMillimeters
                0x08001b8c       0x98 ./Core/Src/VL53L0X.o
                0x08001b8c                readRangeSingleMillimeters
 .text.VL53L0X_OFFSET
                0x08001c24       0x38 ./Core/Src/VL53L0X.o
                0x08001c24                VL53L0X_OFFSET
 .text.VL53L0X_ReadDistance
                0x08001c5c       0x3c ./Core/Src/VL53L0X.o
                0x08001c5c                VL53L0X_ReadDistance
 .text.getSpadInfo
                0x08001c98      0x100 ./Core/Src/VL53L0X.o
                0x08001c98                getSpadInfo
 .text.getSequenceStepEnables
                0x08001d98       0x28 ./Core/Src/VL53L0X.o
                0x08001d98                getSequenceStepEnables
 .text.getSequenceStepTimeouts
                0x08001dc0       0xc8 ./Core/Src/VL53L0X.o
                0x08001dc0                getSequenceStepTimeouts
 .text.setMeasurementTimingBudget
                0x08001e88       0xa4 ./Core/Src/VL53L0X.o
                0x08001e88                setMeasurementTimingBudget
 .text.getMeasurementTimingBudget
                0x08001f2c       0x70 ./Core/Src/VL53L0X.o
                0x08001f2c                getMeasurementTimingBudget
 .text.performSingleRefCalibration
                0x08001f9c       0x58 ./Core/Src/VL53L0X.o
                0x08001f9c                performSingleRefCalibration
 .text.initVL53L0X
                0x08001ff4      0x434 ./Core/Src/VL53L0X.o
                0x08001ff4                initVL53L0X
 .text.Read_Voltage
                0x08002428       0x58 ./Core/Src/Voltage.o
                0x08002428                Read_Voltage
 .text.compute_last_on_with_threshold
                0x08002480       0x1a ./Core/Src/WATERSENSOR.o
 *fill*         0x0800249a        0x2 
 .text.WATER_InitDefault
                0x0800249c       0x20 ./Core/Src/WATERSENSOR.o
                0x0800249c                WATER_InitDefault
 .text.WATER_ReadRaw
                0x080024bc       0x7c ./Core/Src/WATERSENSOR.o
                0x080024bc                WATER_ReadRaw
 .text.WATER_ReadHeightMM_Threshold
                0x08002538       0x44 ./Core/Src/WATERSENSOR.o
                0x08002538                WATER_ReadHeightMM_Threshold
 .text.WATER_ReadLastOn_Threshold
                0x0800257c      0x114 ./Core/Src/WATERSENSOR.o
                0x0800257c                WATER_ReadLastOn_Threshold
 .text.WATER_ReadHeightMM_Quick
                0x08002690       0x18 ./Core/Src/WATERSENSOR.o
                0x08002690                WATER_ReadHeightMM_Quick
 .text.WATER_ReadLastOn_Quick
                0x080026a8       0x18 ./Core/Src/WATERSENSOR.o
                0x080026a8                WATER_ReadLastOn_Quick
 .text.LOG      0x080026c0       0x50 ./Core/Src/main.o
                0x080026c0                LOG
 .text.CheckHeader
                0x08002710      0x174 ./Core/Src/main.o
                0x08002710                CheckHeader
 .text.SystemClock_Config
                0x08002884       0x8a ./Core/Src/main.o
                0x08002884                SystemClock_Config
 *fill*         0x0800290e        0x2 
 .text.startup.main
                0x08002910      0x848 ./Core/Src/main.o
                0x08002910                main
 .text.HAL_UARTEx_RxEventCallback
                0x08003158       0x80 ./Core/Src/main.o
                0x08003158                HAL_UARTEx_RxEventCallback
 .text.HAL_GPIO_EXTI_Callback
                0x080031d8       0x24 ./Core/Src/main.o
                0x080031d8                HAL_GPIO_EXTI_Callback
 .text.HAL_RTC_AlarmAEventCallback
                0x080031fc       0x1c ./Core/Src/main.o
                0x080031fc                HAL_RTC_AlarmAEventCallback
 .text.HAL_MspInit
                0x08003218       0x44 ./Core/Src/stm32f1xx_hal_msp.o
                0x08003218                HAL_MspInit
 .text.HAL_ADC_MspInit
                0x0800325c       0x94 ./Core/Src/stm32f1xx_hal_msp.o
                0x0800325c                HAL_ADC_MspInit
 .text.HAL_ADC_MspDeInit
                0x080032f0       0x40 ./Core/Src/stm32f1xx_hal_msp.o
                0x080032f0                HAL_ADC_MspDeInit
 .text.HAL_I2C_MspInit
                0x08003330       0x64 ./Core/Src/stm32f1xx_hal_msp.o
                0x08003330                HAL_I2C_MspInit
 .text.HAL_I2C_MspDeInit
                0x08003394       0x38 ./Core/Src/stm32f1xx_hal_msp.o
                0x08003394                HAL_I2C_MspDeInit
 .text.HAL_RTC_MspInit
                0x080033cc       0x64 ./Core/Src/stm32f1xx_hal_msp.o
                0x080033cc                HAL_RTC_MspInit
 .text.HAL_TIM_Base_MspInit
                0x08003430       0x28 ./Core/Src/stm32f1xx_hal_msp.o
                0x08003430                HAL_TIM_Base_MspInit
 .text.HAL_UART_MspInit
                0x08003458       0xf0 ./Core/Src/stm32f1xx_hal_msp.o
                0x08003458                HAL_UART_MspInit
 .text.NMI_Handler
                0x08003548        0x2 ./Core/Src/stm32f1xx_it.o
                0x08003548                NMI_Handler
 .text.HardFault_Handler
                0x0800354a        0x2 ./Core/Src/stm32f1xx_it.o
                0x0800354a                HardFault_Handler
 .text.MemManage_Handler
                0x0800354c        0x2 ./Core/Src/stm32f1xx_it.o
                0x0800354c                MemManage_Handler
 .text.BusFault_Handler
                0x0800354e        0x2 ./Core/Src/stm32f1xx_it.o
                0x0800354e                BusFault_Handler
 .text.UsageFault_Handler
                0x08003550        0x2 ./Core/Src/stm32f1xx_it.o
                0x08003550                UsageFault_Handler
 .text.SVC_Handler
                0x08003552        0x2 ./Core/Src/stm32f1xx_it.o
                0x08003552                SVC_Handler
 .text.DebugMon_Handler
                0x08003554        0x2 ./Core/Src/stm32f1xx_it.o
                0x08003554                DebugMon_Handler
 .text.PendSV_Handler
                0x08003556        0x2 ./Core/Src/stm32f1xx_it.o
                0x08003556                PendSV_Handler
 .text.SysTick_Handler
                0x08003558        0x4 ./Core/Src/stm32f1xx_it.o
                0x08003558                SysTick_Handler
 .text.RTC_IRQHandler
                0x0800355c        0xc ./Core/Src/stm32f1xx_it.o
                0x0800355c                RTC_IRQHandler
 .text.EXTI9_5_IRQHandler
                0x08003568        0x8 ./Core/Src/stm32f1xx_it.o
                0x08003568                EXTI9_5_IRQHandler
 .text.USART1_IRQHandler
                0x08003570        0xc ./Core/Src/stm32f1xx_it.o
                0x08003570                USART1_IRQHandler
 .text.USART2_IRQHandler
                0x0800357c        0xc ./Core/Src/stm32f1xx_it.o
                0x0800357c                USART2_IRQHandler
 .text.RTC_Alarm_IRQHandler
                0x08003588        0xc ./Core/Src/stm32f1xx_it.o
                0x08003588                RTC_Alarm_IRQHandler
 .text._getpid  0x08003594        0x4 ./Core/Src/syscalls.o
                0x08003594                _getpid
 .text._kill    0x08003598       0x10 ./Core/Src/syscalls.o
                0x08003598                _kill
 .text._exit    0x080035a8        0xc ./Core/Src/syscalls.o
                0x080035a8                _exit
 .text._read    0x080035b4       0x1c ./Core/Src/syscalls.o
                0x080035b4                _read
 .text._write   0x080035d0       0x1c ./Core/Src/syscalls.o
                0x080035d0                _write
 .text._close   0x080035ec        0x6 ./Core/Src/syscalls.o
                0x080035ec                _close
 .text._fstat   0x080035f2        0xa ./Core/Src/syscalls.o
                0x080035f2                _fstat
 .text._isatty  0x080035fc        0x4 ./Core/Src/syscalls.o
                0x080035fc                _isatty
 .text._lseek   0x08003600        0x4 ./Core/Src/syscalls.o
                0x08003600                _lseek
 .text._sbrk    0x08003604       0x40 ./Core/Src/sysmem.o
                0x08003604                _sbrk
 .text.SystemInit
                0x08003644        0x2 ./Core/Src/system_stm32f1xx.o
                0x08003644                SystemInit
 *fill*         0x08003646        0x2 
 .text.AlarmWakeUpMode
                0x08003648      0x170 ./Core/Src/Handlers/AlarmWakeUp.o
                0x08003648                AlarmWakeUpMode
 .text.DoorOpen_Measure
                0x080037b8      0x114 ./Core/Src/Handlers/OpenInput.o
                0x080037b8                DoorOpen_Measure
 .text.build_post_periodic_payload
                0x080038cc       0x6c ./Core/Src/Handlers/PostPer.o
                0x080038cc                build_post_periodic_payload
 .text.PostPeriodic
                0x08003938       0xd4 ./Core/Src/Handlers/PostPer.o
                0x08003938                PostPeriodic
 .text.build_post_uco_payload
                0x08003a0c       0x84 ./Core/Src/Handlers/PostUCO.o
                0x08003a0c                build_post_uco_payload
 .text.sim_post_request
                0x08003a90       0xc0 ./Core/Src/Handlers/PostUCO.o
                0x08003a90                sim_post_request
 .text.PostUCO  0x08003b50       0xbc ./Core/Src/Handlers/PostUCO.o
                0x08003b50                PostUCO
 .text.Recheck  0x08003c0c      0x24c ./Core/Src/Handlers/Recheck.o
                0x08003c0c                Recheck
 .text.SleepMode
                0x08003e58      0x1c4 ./Core/Src/Handlers/Sleep.o
                0x08003e58                SleepMode
 .text.UnlockDoor
                0x0800401c       0x4c ./Core/Src/Handlers/UnlockDoor.o
                0x0800401c                UnlockDoor
 .text.parsePhoneNumber.part.0
                0x08004068       0x78 ./Core/Src/Handlers/Validation.o
 .text.isPhoneNumberValid
                0x080040e0       0x24 ./Core/Src/Handlers/Validation.o
                0x080040e0                isPhoneNumberValid
 .text.buildIdentityJSON
                0x08004104       0x54 ./Core/Src/Handlers/Validation.o
                0x08004104                buildIdentityJSON
 .text.simWakeupCheck
                0x08004158        0xe ./Core/Src/Handlers/Validation.o
                0x08004158                simWakeupCheck
 *fill*         0x08004166        0x2 
 .text.simIdentityRequest
                0x08004168       0x70 ./Core/Src/Handlers/Validation.o
                0x08004168                simIdentityRequest
 .text.printSimResult
                0x080041d8       0x40 ./Core/Src/Handlers/Validation.o
                0x080041d8                printSimResult
 .text.Validation
                0x08004218       0xc4 ./Core/Src/Handlers/Validation.o
                0x08004218                Validation
 .text.DoorClose_Measure
                0x080042dc      0x2c4 ./Core/Src/Handlers/closeInput.o
                0x080042dc                DoorClose_Measure
 .text.CheckSIM
                0x080045a0       0x48 ./Core/Src/Handlers/handshake.o
                0x080045a0                CheckSIM
 .text.CheckLaser
                0x080045e8       0x54 ./Core/Src/Handlers/handshake.o
                0x080045e8                CheckLaser
 .text.CheckUltra
                0x0800463c       0x50 ./Core/Src/Handlers/handshake.o
                0x0800463c                CheckUltra
 .text.CheckLoadcell
                0x0800468c       0x78 ./Core/Src/Handlers/handshake.o
                0x0800468c                CheckLoadcell
 .text.CheckWater
                0x08004704       0x50 ./Core/Src/Handlers/handshake.o
                0x08004704                CheckWater
 .text.Handshake
                0x08004754      0x110 ./Core/Src/Handlers/handshake.o
                0x08004754                Handshake
 .text.Reset_Handler
                0x08004864       0x48 ./Core/Startup/startup_stm32f103c8tx.o
                0x08004864                Reset_Handler
 .text.Default_Handler
                0x080048ac        0x2 ./Core/Startup/startup_stm32f103c8tx.o
                0x080048ac                EXTI2_IRQHandler
                0x080048ac                TIM1_CC_IRQHandler
                0x080048ac                PVD_IRQHandler
                0x080048ac                EXTI3_IRQHandler
                0x080048ac                EXTI0_IRQHandler
                0x080048ac                I2C2_EV_IRQHandler
                0x080048ac                ADC1_2_IRQHandler
                0x080048ac                SPI1_IRQHandler
                0x080048ac                TAMPER_IRQHandler
                0x080048ac                DMA1_Channel4_IRQHandler
                0x080048ac                USART3_IRQHandler
                0x080048ac                DMA1_Channel7_IRQHandler
                0x080048ac                CAN1_RX1_IRQHandler
                0x080048ac                TIM4_IRQHandler
                0x080048ac                I2C1_EV_IRQHandler
                0x080048ac                DMA1_Channel6_IRQHandler
                0x080048ac                TIM3_IRQHandler
                0x080048ac                RCC_IRQHandler
                0x080048ac                TIM1_TRG_COM_IRQHandler
                0x080048ac                DMA1_Channel1_IRQHandler
                0x080048ac                Default_Handler
                0x080048ac                EXTI15_10_IRQHandler
                0x080048ac                SPI2_IRQHandler
                0x080048ac                DMA1_Channel5_IRQHandler
                0x080048ac                EXTI4_IRQHandler
                0x080048ac                USB_LP_CAN1_RX0_IRQHandler
                0x080048ac                USB_HP_CAN1_TX_IRQHandler
                0x080048ac                DMA1_Channel3_IRQHandler
                0x080048ac                TIM1_UP_IRQHandler
                0x080048ac                WWDG_IRQHandler
                0x080048ac                TIM2_IRQHandler
                0x080048ac                TIM1_BRK_IRQHandler
                0x080048ac                EXTI1_IRQHandler
                0x080048ac                I2C2_ER_IRQHandler
                0x080048ac                DMA1_Channel2_IRQHandler
                0x080048ac                CAN1_SCE_IRQHandler
                0x080048ac                FLASH_IRQHandler
                0x080048ac                I2C1_ER_IRQHandler
                0x080048ac                USBWakeUp_IRQHandler
 *fill*         0x080048ae        0x2 
 .text.HAL_InitTick
                0x080048b0       0x48 ./Drivers/STM32F1xx_HAL_Driver/Src/stm32f1xx_hal.o
                0x080048b0                HAL_InitTick
 .text.HAL_Init
                0x080048f8       0x24 ./Drivers/STM32F1xx_HAL_Driver/Src/stm32f1xx_hal.o
                0x080048f8                HAL_Init
 .text.HAL_IncTick
                0x0800491c       0x18 ./Drivers/STM32F1xx_HAL_Driver/Src/stm32f1xx_hal.o
                0x0800491c                HAL_IncTick
 .text.HAL_GetTick
                0x08004934        0xc ./Drivers/STM32F1xx_HAL_Driver/Src/stm32f1xx_hal.o
                0x08004934                HAL_GetTick
 .text.HAL_Delay
                0x08004940       0x24 ./Drivers/STM32F1xx_HAL_Driver/Src/stm32f1xx_hal.o
                0x08004940                HAL_Delay
 .text.HAL_SuspendTick
                0x08004964        0xe ./Drivers/STM32F1xx_HAL_Driver/Src/stm32f1xx_hal.o
                0x08004964                HAL_SuspendTick
 .text.HAL_ResumeTick
                0x08004972        0xe ./Drivers/STM32F1xx_HAL_Driver/Src/stm32f1xx_hal.o
                0x08004972                HAL_ResumeTick
 .text.HAL_ADC_PollForConversion
                0x08004980      0x148 ./Drivers/STM32F1xx_HAL_Driver/Src/stm32f1xx_hal_adc.o
                0x08004980                HAL_ADC_PollForConversion
 .text.HAL_ADC_GetValue
                0x08004ac8        0x6 ./Drivers/STM32F1xx_HAL_Driver/Src/stm32f1xx_hal_adc.o
                0x08004ac8                HAL_ADC_GetValue
 *fill*         0x08004ace        0x2 
 .text.HAL_ADC_ConfigChannel
                0x08004ad0       0xfc ./Drivers/STM32F1xx_HAL_Driver/Src/stm32f1xx_hal_adc.o
                0x08004ad0                HAL_ADC_ConfigChannel
 .text.ADC_Enable
                0x08004bcc       0x78 ./Drivers/STM32F1xx_HAL_Driver/Src/stm32f1xx_hal_adc.o
                0x08004bcc                ADC_Enable
 .text.HAL_ADC_Start
                0x08004c44       0xc4 ./Drivers/STM32F1xx_HAL_Driver/Src/stm32f1xx_hal_adc.o
                0x08004c44                HAL_ADC_Start
 .text.ADC_ConversionStop_Disable
                0x08004d08       0x4c ./Drivers/STM32F1xx_HAL_Driver/Src/stm32f1xx_hal_adc.o
                0x08004d08                ADC_ConversionStop_Disable
 .text.HAL_ADC_Init
                0x08004d54       0xfc ./Drivers/STM32F1xx_HAL_Driver/Src/stm32f1xx_hal_adc.o
                0x08004d54                HAL_ADC_Init
 .text.HAL_ADC_DeInit
                0x08004e50       0xc0 ./Drivers/STM32F1xx_HAL_Driver/Src/stm32f1xx_hal_adc.o
                0x08004e50                HAL_ADC_DeInit
 .text.HAL_NVIC_SetPriorityGrouping
                0x08004f10       0x24 ./Drivers/STM32F1xx_HAL_Driver/Src/stm32f1xx_hal_cortex.o
                0x08004f10                HAL_NVIC_SetPriorityGrouping
 .text.HAL_NVIC_SetPriority
                0x08004f34       0x60 ./Drivers/STM32F1xx_HAL_Driver/Src/stm32f1xx_hal_cortex.o
                0x08004f34                HAL_NVIC_SetPriority
 .text.HAL_NVIC_EnableIRQ
                0x08004f94       0x1c ./Drivers/STM32F1xx_HAL_Driver/Src/stm32f1xx_hal_cortex.o
                0x08004f94                HAL_NVIC_EnableIRQ
 .text.HAL_SYSTICK_Config
                0x08004fb0       0x28 ./Drivers/STM32F1xx_HAL_Driver/Src/stm32f1xx_hal_cortex.o
                0x08004fb0                HAL_SYSTICK_Config
 .text.HAL_DMA_Abort
                0x08004fd8       0x3e ./Drivers/STM32F1xx_HAL_Driver/Src/stm32f1xx_hal_dma.o
                0x08004fd8                HAL_DMA_Abort
 *fill*         0x08005016        0x2 
 .text.HAL_DMA_Abort_IT
                0x08005018       0x8c ./Drivers/STM32F1xx_HAL_Driver/Src/stm32f1xx_hal_dma.o
                0x08005018                HAL_DMA_Abort_IT
 .text.HAL_GPIO_Init
                0x080050a4      0x1a8 ./Drivers/STM32F1xx_HAL_Driver/Src/stm32f1xx_hal_gpio.o
                0x080050a4                HAL_GPIO_Init
 .text.HAL_GPIO_DeInit
                0x0800524c       0xdc ./Drivers/STM32F1xx_HAL_Driver/Src/stm32f1xx_hal_gpio.o
                0x0800524c                HAL_GPIO_DeInit
 .text.HAL_GPIO_ReadPin
                0x08005328        0xc ./Drivers/STM32F1xx_HAL_Driver/Src/stm32f1xx_hal_gpio.o
                0x08005328                HAL_GPIO_ReadPin
 .text.HAL_GPIO_WritePin
                0x08005334        0xa ./Drivers/STM32F1xx_HAL_Driver/Src/stm32f1xx_hal_gpio.o
                0x08005334                HAL_GPIO_WritePin
 .text.HAL_GPIO_TogglePin
                0x0800533e       0x12 ./Drivers/STM32F1xx_HAL_Driver/Src/stm32f1xx_hal_gpio.o
                0x0800533e                HAL_GPIO_TogglePin
 .text.HAL_GPIO_EXTI_IRQHandler
                0x08005350       0x18 ./Drivers/STM32F1xx_HAL_Driver/Src/stm32f1xx_hal_gpio.o
                0x08005350                HAL_GPIO_EXTI_IRQHandler
 .text.I2C_IsAcknowledgeFailed
                0x08005368       0x32 ./Drivers/STM32F1xx_HAL_Driver/Src/stm32f1xx_hal_i2c.o
 .text.I2C_WaitOnFlagUntilTimeout
                0x0800539a       0x80 ./Drivers/STM32F1xx_HAL_Driver/Src/stm32f1xx_hal_i2c.o
 .text.I2C_WaitOnMasterAddressFlagUntilTimeout
                0x0800541a       0x84 ./Drivers/STM32F1xx_HAL_Driver/Src/stm32f1xx_hal_i2c.o
 .text.I2C_WaitOnTXEFlagUntilTimeout
                0x0800549e       0x54 ./Drivers/STM32F1xx_HAL_Driver/Src/stm32f1xx_hal_i2c.o
 *fill*         0x080054f2        0x2 
 .text.I2C_RequestMemoryWrite
                0x080054f4       0xb4 ./Drivers/STM32F1xx_HAL_Driver/Src/stm32f1xx_hal_i2c.o
 .text.I2C_RequestMemoryRead
                0x080055a8      0x108 ./Drivers/STM32F1xx_HAL_Driver/Src/stm32f1xx_hal_i2c.o
 .text.I2C_WaitOnBTFFlagUntilTimeout
                0x080056b0       0x54 ./Drivers/STM32F1xx_HAL_Driver/Src/stm32f1xx_hal_i2c.o
 .text.I2C_WaitOnRXNEFlagUntilTimeout
                0x08005704       0x66 ./Drivers/STM32F1xx_HAL_Driver/Src/stm32f1xx_hal_i2c.o
 *fill*         0x0800576a        0x2 
 .text.HAL_I2C_Init
                0x0800576c      0x150 ./Drivers/STM32F1xx_HAL_Driver/Src/stm32f1xx_hal_i2c.o
                0x0800576c                HAL_I2C_Init
 .text.HAL_I2C_DeInit
                0x080058bc       0x32 ./Drivers/STM32F1xx_HAL_Driver/Src/stm32f1xx_hal_i2c.o
                0x080058bc                HAL_I2C_DeInit
 *fill*         0x080058ee        0x2 
 .text.HAL_I2C_Master_Receive
                0x080058f0      0x358 ./Drivers/STM32F1xx_HAL_Driver/Src/stm32f1xx_hal_i2c.o
                0x080058f0                HAL_I2C_Master_Receive
 .text.HAL_I2C_Mem_Write
                0x08005c48      0x120 ./Drivers/STM32F1xx_HAL_Driver/Src/stm32f1xx_hal_i2c.o
                0x08005c48                HAL_I2C_Mem_Write
 .text.HAL_I2C_Mem_Read
                0x08005d68      0x288 ./Drivers/STM32F1xx_HAL_Driver/Src/stm32f1xx_hal_i2c.o
                0x08005d68                HAL_I2C_Mem_Read
 .text.HAL_I2C_IsDeviceReady
                0x08005ff0      0x168 ./Drivers/STM32F1xx_HAL_Driver/Src/stm32f1xx_hal_i2c.o
                0x08005ff0                HAL_I2C_IsDeviceReady
 .text.PWR_OverloadWfe
                0x08006158        0x6 ./Drivers/STM32F1xx_HAL_Driver/Src/stm32f1xx_hal_pwr.o
 *fill*         0x0800615e        0x2 
 .text.HAL_PWR_EnableBkUpAccess
                0x08006160        0xc ./Drivers/STM32F1xx_HAL_Driver/Src/stm32f1xx_hal_pwr.o
                0x08006160                HAL_PWR_EnableBkUpAccess
 .text.HAL_PWR_EnterSTOPMode
                0x0800616c       0x48 ./Drivers/STM32F1xx_HAL_Driver/Src/stm32f1xx_hal_pwr.o
                0x0800616c                HAL_PWR_EnterSTOPMode
 .text.HAL_RCC_OscConfig
                0x080061b4      0x338 ./Drivers/STM32F1xx_HAL_Driver/Src/stm32f1xx_hal_rcc.o
                0x080061b4                HAL_RCC_OscConfig
 .text.HAL_RCC_GetSysClockFreq
                0x080064ec       0x4c ./Drivers/STM32F1xx_HAL_Driver/Src/stm32f1xx_hal_rcc.o
                0x080064ec                HAL_RCC_GetSysClockFreq
 .text.HAL_RCC_ClockConfig
                0x08006538      0x138 ./Drivers/STM32F1xx_HAL_Driver/Src/stm32f1xx_hal_rcc.o
                0x08006538                HAL_RCC_ClockConfig
 .text.HAL_RCC_GetPCLK1Freq
                0x08006670       0x20 ./Drivers/STM32F1xx_HAL_Driver/Src/stm32f1xx_hal_rcc.o
                0x08006670                HAL_RCC_GetPCLK1Freq
 .text.HAL_RCC_GetPCLK2Freq
                0x08006690       0x20 ./Drivers/STM32F1xx_HAL_Driver/Src/stm32f1xx_hal_rcc.o
                0x08006690                HAL_RCC_GetPCLK2Freq
 .text.HAL_RCCEx_PeriphCLKConfig
                0x080066b0       0xf4 ./Drivers/STM32F1xx_HAL_Driver/Src/stm32f1xx_hal_rcc_ex.o
                0x080066b0                HAL_RCCEx_PeriphCLKConfig
 .text.HAL_RCCEx_GetPeriphCLKFreq
                0x080067a4       0xbc ./Drivers/STM32F1xx_HAL_Driver/Src/stm32f1xx_hal_rcc_ex.o
                0x080067a4                HAL_RCCEx_GetPeriphCLKFreq
 .text.RTC_ReadTimeCounter
                0x08006860       0x24 ./Drivers/STM32F1xx_HAL_Driver/Src/stm32f1xx_hal_rtc.o
 .text.RTC_ReadAlarmCounter
                0x08006884        0xe ./Drivers/STM32F1xx_HAL_Driver/Src/stm32f1xx_hal_rtc.o
 .text.RTC_ByteToBcd2
                0x08006892       0x16 ./Drivers/STM32F1xx_HAL_Driver/Src/stm32f1xx_hal_rtc.o
 .text.RTC_Bcd2ToByte
                0x080068a8       0x10 ./Drivers/STM32F1xx_HAL_Driver/Src/stm32f1xx_hal_rtc.o
 .text.RTC_WeekDayNum
                0x080068b8       0x62 ./Drivers/STM32F1xx_HAL_Driver/Src/stm32f1xx_hal_rtc.o
 .text.RTC_EnterInitMode
                0x0800691a       0x2e ./Drivers/STM32F1xx_HAL_Driver/Src/stm32f1xx_hal_rtc.o
 .text.RTC_ExitInitMode
                0x08006948       0x30 ./Drivers/STM32F1xx_HAL_Driver/Src/stm32f1xx_hal_rtc.o
 .text.RTC_WriteTimeCounter
                0x08006978       0x28 ./Drivers/STM32F1xx_HAL_Driver/Src/stm32f1xx_hal_rtc.o
 .text.RTC_WriteAlarmCounter
                0x080069a0       0x28 ./Drivers/STM32F1xx_HAL_Driver/Src/stm32f1xx_hal_rtc.o
 .text.HAL_RTC_SetTime
                0x080069c8       0xa2 ./Drivers/STM32F1xx_HAL_Driver/Src/stm32f1xx_hal_rtc.o
                0x080069c8                HAL_RTC_SetTime
 *fill*         0x08006a6a        0x2 
 .text.HAL_RTC_GetTime
                0x08006a6c      0x168 ./Drivers/STM32F1xx_HAL_Driver/Src/stm32f1xx_hal_rtc.o
                0x08006a6c                HAL_RTC_GetTime
 .text.HAL_RTC_SetDate
                0x08006bd4       0xac ./Drivers/STM32F1xx_HAL_Driver/Src/stm32f1xx_hal_rtc.o
                0x08006bd4                HAL_RTC_SetDate
 .text.HAL_RTC_SetAlarm_IT
                0x08006c80       0xd8 ./Drivers/STM32F1xx_HAL_Driver/Src/stm32f1xx_hal_rtc.o
                0x08006c80                HAL_RTC_SetAlarm_IT
 .text.HAL_RTC_AlarmIRQHandler
                0x08006d58       0x34 ./Drivers/STM32F1xx_HAL_Driver/Src/stm32f1xx_hal_rtc.o
                0x08006d58                HAL_RTC_AlarmIRQHandler
 .text.HAL_RTC_WaitForSynchro
                0x08006d8c       0x36 ./Drivers/STM32F1xx_HAL_Driver/Src/stm32f1xx_hal_rtc.o
                0x08006d8c                HAL_RTC_WaitForSynchro
 *fill*         0x08006dc2        0x2 
 .text.HAL_RTC_Init
                0x08006dc4       0x8c ./Drivers/STM32F1xx_HAL_Driver/Src/stm32f1xx_hal_rtc.o
                0x08006dc4                HAL_RTC_Init
 .text.HAL_RTCEx_RTCEventCallback
                0x08006e50        0x2 ./Drivers/STM32F1xx_HAL_Driver/Src/stm32f1xx_hal_rtc_ex.o
                0x08006e50                HAL_RTCEx_RTCEventCallback
 .text.HAL_RTCEx_RTCEventErrorCallback
                0x08006e52        0x2 ./Drivers/STM32F1xx_HAL_Driver/Src/stm32f1xx_hal_rtc_ex.o
                0x08006e52                HAL_RTCEx_RTCEventErrorCallback
 .text.HAL_RTCEx_RTCIRQHandler
                0x08006e54       0x3c ./Drivers/STM32F1xx_HAL_Driver/Src/stm32f1xx_hal_rtc_ex.o
                0x08006e54                HAL_RTCEx_RTCIRQHandler
 .text.HAL_TIM_Base_Start
                0x08006e90       0x4c ./Drivers/STM32F1xx_HAL_Driver/Src/stm32f1xx_hal_tim.o
                0x08006e90                HAL_TIM_Base_Start
 .text.TIM_Base_SetConfig
                0x08006edc       0x64 ./Drivers/STM32F1xx_HAL_Driver/Src/stm32f1xx_hal_tim.o
                0x08006edc                TIM_Base_SetConfig
 .text.HAL_TIM_Base_Init
                0x08006f40       0x58 ./Drivers/STM32F1xx_HAL_Driver/Src/stm32f1xx_hal_tim.o
                0x08006f40                HAL_TIM_Base_Init
 .text.TIM_ETR_SetConfig
                0x08006f98       0x14 ./Drivers/STM32F1xx_HAL_Driver/Src/stm32f1xx_hal_tim.o
                0x08006f98                TIM_ETR_SetConfig
 .text.HAL_TIM_ConfigClockSource
                0x08006fac      0x132 ./Drivers/STM32F1xx_HAL_Driver/Src/stm32f1xx_hal_tim.o
                0x08006fac                HAL_TIM_ConfigClockSource
 *fill*         0x080070de        0x2 
 .text.HAL_TIMEx_MasterConfigSynchronization
                0x080070e0       0x5c ./Drivers/STM32F1xx_HAL_Driver/Src/stm32f1xx_hal_tim_ex.o
                0x080070e0                HAL_TIMEx_MasterConfigSynchronization
 .text.UART_EndRxTransfer
                0x0800713c       0x5c ./Drivers/STM32F1xx_HAL_Driver/Src/stm32f1xx_hal_uart.o
 .text.UART_SetConfig
                0x08007198       0x74 ./Drivers/STM32F1xx_HAL_Driver/Src/stm32f1xx_hal_uart.o
 .text.UART_WaitOnFlagUntilTimeout.constprop.0
                0x0800720c       0x64 ./Drivers/STM32F1xx_HAL_Driver/Src/stm32f1xx_hal_uart.o
 .text.HAL_UART_Init
                0x08007270       0x5e ./Drivers/STM32F1xx_HAL_Driver/Src/stm32f1xx_hal_uart.o
                0x08007270                HAL_UART_Init
 .text.HAL_UART_Transmit
                0x080072ce       0x9c ./Drivers/STM32F1xx_HAL_Driver/Src/stm32f1xx_hal_uart.o
                0x080072ce                HAL_UART_Transmit
 .text.HAL_UART_TxCpltCallback
                0x0800736a        0x2 ./Drivers/STM32F1xx_HAL_Driver/Src/stm32f1xx_hal_uart.o
                0x0800736a                HAL_UART_TxCpltCallback
 .text.HAL_UART_RxCpltCallback
                0x0800736c        0x2 ./Drivers/STM32F1xx_HAL_Driver/Src/stm32f1xx_hal_uart.o
                0x0800736c                HAL_UART_RxCpltCallback
 .text.HAL_UART_ErrorCallback
                0x0800736e        0x2 ./Drivers/STM32F1xx_HAL_Driver/Src/stm32f1xx_hal_uart.o
                0x0800736e                HAL_UART_ErrorCallback
 .text.UART_DMAAbortOnError
                0x08007370       0x10 ./Drivers/STM32F1xx_HAL_Driver/Src/stm32f1xx_hal_uart.o
 .text.UART_Receive_IT.isra.0
                0x08007380       0xb6 ./Drivers/STM32F1xx_HAL_Driver/Src/stm32f1xx_hal_uart.o
 *fill*         0x08007436        0x2 
 .text.HAL_UART_IRQHandler
                0x08007438      0x294 ./Drivers/STM32F1xx_HAL_Driver/Src/stm32f1xx_hal_uart.o
                0x08007438                HAL_UART_IRQHandler
 .text.UART_Start_Receive_IT
                0x080076cc       0x32 ./Drivers/STM32F1xx_HAL_Driver/Src/stm32f1xx_hal_uart.o
                0x080076cc                UART_Start_Receive_IT
 .text.HAL_UARTEx_ReceiveToIdle_IT
                0x080076fe       0x5a ./Drivers/STM32F1xx_HAL_Driver/Src/stm32f1xx_hal_uart.o
                0x080076fe                HAL_UARTEx_ReceiveToIdle_IT
 .text.srand    0x08007758       0x5c C:/ST/STM32CubeIDE_1.19.0/STM32CubeIDE/plugins/com.st.stm32cube.ide.mcu.externaltools.gnu-tools-for-stm32.13.3.rel1.win32_1.0.0.202411081344/tools/bin/../lib/gcc/arm-none-eabi/13.3.1/../../../../arm-none-eabi/lib/thumb/v7-m/nofp\libc_nano.a(libc_a-rand.o)
                0x08007758                srand
 .text.rand     0x080077b4       0x7c C:/ST/STM32CubeIDE_1.19.0/STM32CubeIDE/plugins/com.st.stm32cube.ide.mcu.externaltools.gnu-tools-for-stm32.13.3.rel1.win32_1.0.0.202411081344/tools/bin/../lib/gcc/arm-none-eabi/13.3.1/../../../../arm-none-eabi/lib/thumb/v7-m/nofp\libc_nano.a(libc_a-rand.o)
                0x080077b4                rand
 .text.__cvt    0x08007830       0xc8 C:/ST/STM32CubeIDE_1.19.0/STM32CubeIDE/plugins/com.st.stm32cube.ide.mcu.externaltools.gnu-tools-for-stm32.13.3.rel1.win32_1.0.0.202411081344/tools/bin/../lib/gcc/arm-none-eabi/13.3.1/../../../../arm-none-eabi/lib/thumb/v7-m/nofp\libc_nano.a(libc_a-nano-vfprintf_float.o)
                0x08007830                __cvt
 .text.__exponent
                0x080078f8       0x74 C:/ST/STM32CubeIDE_1.19.0/STM32CubeIDE/plugins/com.st.stm32cube.ide.mcu.externaltools.gnu-tools-for-stm32.13.3.rel1.win32_1.0.0.202411081344/tools/bin/../lib/gcc/arm-none-eabi/13.3.1/../../../../arm-none-eabi/lib/thumb/v7-m/nofp\libc_nano.a(libc_a-nano-vfprintf_float.o)
                0x080078f8                __exponent
 .text._printf_float
                0x0800796c      0x458 C:/ST/STM32CubeIDE_1.19.0/STM32CubeIDE/plugins/com.st.stm32cube.ide.mcu.externaltools.gnu-tools-for-stm32.13.3.rel1.win32_1.0.0.202411081344/tools/bin/../lib/gcc/arm-none-eabi/13.3.1/../../../../arm-none-eabi/lib/thumb/v7-m/nofp\libc_nano.a(libc_a-nano-vfprintf_float.o)
                0x0800796c                _printf_float
 .text._printf_common
                0x08007dc4       0xe4 C:/ST/STM32CubeIDE_1.19.0/STM32CubeIDE/plugins/com.st.stm32cube.ide.mcu.externaltools.gnu-tools-for-stm32.13.3.rel1.win32_1.0.0.202411081344/tools/bin/../lib/gcc/arm-none-eabi/13.3.1/../../../../arm-none-eabi/lib/thumb/v7-m/nofp\libc_nano.a(libc_a-nano-vfprintf_i.o)
                0x08007dc4                _printf_common
 .text._printf_i
                0x08007ea8      0x23c C:/ST/STM32CubeIDE_1.19.0/STM32CubeIDE/plugins/com.st.stm32cube.ide.mcu.externaltools.gnu-tools-for-stm32.13.3.rel1.win32_1.0.0.202411081344/tools/bin/../lib/gcc/arm-none-eabi/13.3.1/../../../../arm-none-eabi/lib/thumb/v7-m/nofp\libc_nano.a(libc_a-nano-vfprintf_i.o)
                0x08007ea8                _printf_i
 .text.std      0x080080e4       0x6c C:/ST/STM32CubeIDE_1.19.0/STM32CubeIDE/plugins/com.st.stm32cube.ide.mcu.externaltools.gnu-tools-for-stm32.13.3.rel1.win32_1.0.0.202411081344/tools/bin/../lib/gcc/arm-none-eabi/13.3.1/../../../../arm-none-eabi/lib/thumb/v7-m/nofp\libc_nano.a(libc_a-findfp.o)
 .text.stdio_exit_handler
                0x08008150       0x18 C:/ST/STM32CubeIDE_1.19.0/STM32CubeIDE/plugins/com.st.stm32cube.ide.mcu.externaltools.gnu-tools-for-stm32.13.3.rel1.win32_1.0.0.202411081344/tools/bin/../lib/gcc/arm-none-eabi/13.3.1/../../../../arm-none-eabi/lib/thumb/v7-m/nofp\libc_nano.a(libc_a-findfp.o)
 .text.cleanup_stdio
                0x08008168       0x40 C:/ST/STM32CubeIDE_1.19.0/STM32CubeIDE/plugins/com.st.stm32cube.ide.mcu.externaltools.gnu-tools-for-stm32.13.3.rel1.win32_1.0.0.202411081344/tools/bin/../lib/gcc/arm-none-eabi/13.3.1/../../../../arm-none-eabi/lib/thumb/v7-m/nofp\libc_nano.a(libc_a-findfp.o)
 .text.global_stdio_init.part.0
                0x080081a8       0x3c C:/ST/STM32CubeIDE_1.19.0/STM32CubeIDE/plugins/com.st.stm32cube.ide.mcu.externaltools.gnu-tools-for-stm32.13.3.rel1.win32_1.0.0.202411081344/tools/bin/../lib/gcc/arm-none-eabi/13.3.1/../../../../arm-none-eabi/lib/thumb/v7-m/nofp\libc_nano.a(libc_a-findfp.o)
 .text.__sfp_lock_acquire
                0x080081e4        0xc C:/ST/STM32CubeIDE_1.19.0/STM32CubeIDE/plugins/com.st.stm32cube.ide.mcu.externaltools.gnu-tools-for-stm32.13.3.rel1.win32_1.0.0.202411081344/tools/bin/../lib/gcc/arm-none-eabi/13.3.1/../../../../arm-none-eabi/lib/thumb/v7-m/nofp\libc_nano.a(libc_a-findfp.o)
                0x080081e4                __sfp_lock_acquire
 .text.__sfp_lock_release
                0x080081f0        0xc C:/ST/STM32CubeIDE_1.19.0/STM32CubeIDE/plugins/com.st.stm32cube.ide.mcu.externaltools.gnu-tools-for-stm32.13.3.rel1.win32_1.0.0.202411081344/tools/bin/../lib/gcc/arm-none-eabi/13.3.1/../../../../arm-none-eabi/lib/thumb/v7-m/nofp\libc_nano.a(libc_a-findfp.o)
                0x080081f0                __sfp_lock_release
 .text.__sinit  0x080081fc       0x30 C:/ST/STM32CubeIDE_1.19.0/STM32CubeIDE/plugins/com.st.stm32cube.ide.mcu.externaltools.gnu-tools-for-stm32.13.3.rel1.win32_1.0.0.202411081344/tools/bin/../lib/gcc/arm-none-eabi/13.3.1/../../../../arm-none-eabi/lib/thumb/v7-m/nofp\libc_nano.a(libc_a-findfp.o)
                0x080081fc                __sinit
 .text._fwalk_sglue
                0x0800822c       0x3c C:/ST/STM32CubeIDE_1.19.0/STM32CubeIDE/plugins/com.st.stm32cube.ide.mcu.externaltools.gnu-tools-for-stm32.13.3.rel1.win32_1.0.0.202411081344/tools/bin/../lib/gcc/arm-none-eabi/13.3.1/../../../../arm-none-eabi/lib/thumb/v7-m/nofp\libc_nano.a(libc_a-fwalk.o)
                0x0800822c                _fwalk_sglue
 .text.printf   0x08008268       0x24 C:/ST/STM32CubeIDE_1.19.0/STM32CubeIDE/plugins/com.st.stm32cube.ide.mcu.externaltools.gnu-tools-for-stm32.13.3.rel1.win32_1.0.0.202411081344/tools/bin/../lib/gcc/arm-none-eabi/13.3.1/../../../../arm-none-eabi/lib/thumb/v7-m/nofp\libc_nano.a(libc_a-printf.o)
                0x08008268                iprintf
                0x08008268                printf
 .text.snprintf
                0x0800828c       0x6c C:/ST/STM32CubeIDE_1.19.0/STM32CubeIDE/plugins/com.st.stm32cube.ide.mcu.externaltools.gnu-tools-for-stm32.13.3.rel1.win32_1.0.0.202411081344/tools/bin/../lib/gcc/arm-none-eabi/13.3.1/../../../../arm-none-eabi/lib/thumb/v7-m/nofp\libc_nano.a(libc_a-snprintf.o)
                0x0800828c                sniprintf
                0x0800828c                snprintf
 .text.__sread  0x080082f8       0x22 C:/ST/STM32CubeIDE_1.19.0/STM32CubeIDE/plugins/com.st.stm32cube.ide.mcu.externaltools.gnu-tools-for-stm32.13.3.rel1.win32_1.0.0.202411081344/tools/bin/../lib/gcc/arm-none-eabi/13.3.1/../../../../arm-none-eabi/lib/thumb/v7-m/nofp\libc_nano.a(libc_a-stdio.o)
                0x080082f8                __sread
 .text.__swrite
                0x0800831a       0x38 C:/ST/STM32CubeIDE_1.19.0/STM32CubeIDE/plugins/com.st.stm32cube.ide.mcu.externaltools.gnu-tools-for-stm32.13.3.rel1.win32_1.0.0.202411081344/tools/bin/../lib/gcc/arm-none-eabi/13.3.1/../../../../arm-none-eabi/lib/thumb/v7-m/nofp\libc_nano.a(libc_a-stdio.o)
                0x0800831a                __swrite
 .text.__sseek  0x08008352       0x24 C:/ST/STM32CubeIDE_1.19.0/STM32CubeIDE/plugins/com.st.stm32cube.ide.mcu.externaltools.gnu-tools-for-stm32.13.3.rel1.win32_1.0.0.202411081344/tools/bin/../lib/gcc/arm-none-eabi/13.3.1/../../../../arm-none-eabi/lib/thumb/v7-m/nofp\libc_nano.a(libc_a-stdio.o)
                0x08008352                __sseek
 .text.__sclose
                0x08008376        0x8 C:/ST/STM32CubeIDE_1.19.0/STM32CubeIDE/plugins/com.st.stm32cube.ide.mcu.externaltools.gnu-tools-for-stm32.13.3.rel1.win32_1.0.0.202411081344/tools/bin/../lib/gcc/arm-none-eabi/13.3.1/../../../../arm-none-eabi/lib/thumb/v7-m/nofp\libc_nano.a(libc_a-stdio.o)
                0x08008376                __sclose
 .text.memset   0x0800837e       0x10 C:/ST/STM32CubeIDE_1.19.0/STM32CubeIDE/plugins/com.st.stm32cube.ide.mcu.externaltools.gnu-tools-for-stm32.13.3.rel1.win32_1.0.0.202411081344/tools/bin/../lib/gcc/arm-none-eabi/13.3.1/../../../../arm-none-eabi/lib/thumb/v7-m/nofp\libc_nano.a(libc_a-memset.o)
                0x0800837e                memset
 .text.strcat   0x0800838e       0x1e C:/ST/STM32CubeIDE_1.19.0/STM32CubeIDE/plugins/com.st.stm32cube.ide.mcu.externaltools.gnu-tools-for-stm32.13.3.rel1.win32_1.0.0.202411081344/tools/bin/../lib/gcc/arm-none-eabi/13.3.1/../../../../arm-none-eabi/lib/thumb/v7-m/nofp\libc_nano.a(libc_a-strcat.o)
                0x0800838e                strcat
 .text.strstr   0x080083ac       0x2c C:/ST/STM32CubeIDE_1.19.0/STM32CubeIDE/plugins/com.st.stm32cube.ide.mcu.externaltools.gnu-tools-for-stm32.13.3.rel1.win32_1.0.0.202411081344/tools/bin/../lib/gcc/arm-none-eabi/13.3.1/../../../../arm-none-eabi/lib/thumb/v7-m/nofp\libc_nano.a(libc_a-strstr.o)
                0x080083ac                strstr
 .text._localeconv_r
                0x080083d8        0x8 C:/ST/STM32CubeIDE_1.19.0/STM32CubeIDE/plugins/com.st.stm32cube.ide.mcu.externaltools.gnu-tools-for-stm32.13.3.rel1.win32_1.0.0.202411081344/tools/bin/../lib/gcc/arm-none-eabi/13.3.1/../../../../arm-none-eabi/lib/thumb/v7-m/nofp\libc_nano.a(libc_a-localeconv.o)
                0x080083d8                _localeconv_r
 .text._close_r
                0x080083e0       0x20 C:/ST/STM32CubeIDE_1.19.0/STM32CubeIDE/plugins/com.st.stm32cube.ide.mcu.externaltools.gnu-tools-for-stm32.13.3.rel1.win32_1.0.0.202411081344/tools/bin/../lib/gcc/arm-none-eabi/13.3.1/../../../../arm-none-eabi/lib/thumb/v7-m/nofp\libc_nano.a(libc_a-closer.o)
                0x080083e0                _close_r
 .text._lseek_r
                0x08008400       0x24 C:/ST/STM32CubeIDE_1.19.0/STM32CubeIDE/plugins/com.st.stm32cube.ide.mcu.externaltools.gnu-tools-for-stm32.13.3.rel1.win32_1.0.0.202411081344/tools/bin/../lib/gcc/arm-none-eabi/13.3.1/../../../../arm-none-eabi/lib/thumb/v7-m/nofp\libc_nano.a(libc_a-lseekr.o)
                0x08008400                _lseek_r
 .text._read_r  0x08008424       0x24 C:/ST/STM32CubeIDE_1.19.0/STM32CubeIDE/plugins/com.st.stm32cube.ide.mcu.externaltools.gnu-tools-for-stm32.13.3.rel1.win32_1.0.0.202411081344/tools/bin/../lib/gcc/arm-none-eabi/13.3.1/../../../../arm-none-eabi/lib/thumb/v7-m/nofp\libc_nano.a(libc_a-readr.o)
                0x08008424                _read_r
 .text._write_r
                0x08008448       0x24 C:/ST/STM32CubeIDE_1.19.0/STM32CubeIDE/plugins/com.st.stm32cube.ide.mcu.externaltools.gnu-tools-for-stm32.13.3.rel1.win32_1.0.0.202411081344/tools/bin/../lib/gcc/arm-none-eabi/13.3.1/../../../../arm-none-eabi/lib/thumb/v7-m/nofp\libc_nano.a(libc_a-writer.o)
                0x08008448                _write_r
 .text.__errno  0x0800846c        0xc C:/ST/STM32CubeIDE_1.19.0/STM32CubeIDE/plugins/com.st.stm32cube.ide.mcu.externaltools.gnu-tools-for-stm32.13.3.rel1.win32_1.0.0.202411081344/tools/bin/../lib/gcc/arm-none-eabi/13.3.1/../../../../arm-none-eabi/lib/thumb/v7-m/nofp\libc_nano.a(libc_a-errno.o)
                0x0800846c                __errno
 .text.__libc_init_array
                0x08008478       0x48 C:/ST/STM32CubeIDE_1.19.0/STM32CubeIDE/plugins/com.st.stm32cube.ide.mcu.externaltools.gnu-tools-for-stm32.13.3.rel1.win32_1.0.0.202411081344/tools/bin/../lib/gcc/arm-none-eabi/13.3.1/../../../../arm-none-eabi/lib/thumb/v7-m/nofp\libc_nano.a(libc_a-init.o)
                0x08008478                __libc_init_array
 .text.__retarget_lock_init_recursive
                0x080084c0        0x2 C:/ST/STM32CubeIDE_1.19.0/STM32CubeIDE/plugins/com.st.stm32cube.ide.mcu.externaltools.gnu-tools-for-stm32.13.3.rel1.win32_1.0.0.202411081344/tools/bin/../lib/gcc/arm-none-eabi/13.3.1/../../../../arm-none-eabi/lib/thumb/v7-m/nofp\libc_nano.a(libc_a-lock.o)
                0x080084c0                __retarget_lock_init_recursive
 .text.__retarget_lock_acquire_recursive
                0x080084c2        0x2 C:/ST/STM32CubeIDE_1.19.0/STM32CubeIDE/plugins/com.st.stm32cube.ide.mcu.externaltools.gnu-tools-for-stm32.13.3.rel1.win32_1.0.0.202411081344/tools/bin/../lib/gcc/arm-none-eabi/13.3.1/../../../../arm-none-eabi/lib/thumb/v7-m/nofp\libc_nano.a(libc_a-lock.o)
                0x080084c2                __retarget_lock_acquire_recursive
 .text.__retarget_lock_release_recursive
                0x080084c4        0x2 C:/ST/STM32CubeIDE_1.19.0/STM32CubeIDE/plugins/com.st.stm32cube.ide.mcu.externaltools.gnu-tools-for-stm32.13.3.rel1.win32_1.0.0.202411081344/tools/bin/../lib/gcc/arm-none-eabi/13.3.1/../../../../arm-none-eabi/lib/thumb/v7-m/nofp\libc_nano.a(libc_a-lock.o)
                0x080084c4                __retarget_lock_release_recursive
 .text.strcpy   0x080084c6       0x10 C:/ST/STM32CubeIDE_1.19.0/STM32CubeIDE/plugins/com.st.stm32cube.ide.mcu.externaltools.gnu-tools-for-stm32.13.3.rel1.win32_1.0.0.202411081344/tools/bin/../lib/gcc/arm-none-eabi/13.3.1/../../../../arm-none-eabi/lib/thumb/v7-m/nofp\libc_nano.a(libc_a-strcpy.o)
                0x080084c6                strcpy
 .text.memchr   0x080084d6       0x1c C:/ST/STM32CubeIDE_1.19.0/STM32CubeIDE/plugins/com.st.stm32cube.ide.mcu.externaltools.gnu-tools-for-stm32.13.3.rel1.win32_1.0.0.202411081344/tools/bin/../lib/gcc/arm-none-eabi/13.3.1/../../../../arm-none-eabi/lib/thumb/v7-m/nofp\libc_nano.a(libc_a-memchr-stub.o)
                0x080084d6                memchr
 .text.memcpy   0x080084f2       0x1c C:/ST/STM32CubeIDE_1.19.0/STM32CubeIDE/plugins/com.st.stm32cube.ide.mcu.externaltools.gnu-tools-for-stm32.13.3.rel1.win32_1.0.0.202411081344/tools/bin/../lib/gcc/arm-none-eabi/13.3.1/../../../../arm-none-eabi/lib/thumb/v7-m/nofp\libc_nano.a(libc_a-memcpy-stub.o)
                0x080084f2                memcpy
 *fill*         0x0800850e        0x2 
 .text.__assert_func
                0x08008510       0x3c C:/ST/STM32CubeIDE_1.19.0/STM32CubeIDE/plugins/com.st.stm32cube.ide.mcu.externaltools.gnu-tools-for-stm32.13.3.rel1.win32_1.0.0.202411081344/tools/bin/../lib/gcc/arm-none-eabi/13.3.1/../../../../arm-none-eabi/lib/thumb/v7-m/nofp\libc_nano.a(libc_a-assert.o)
                0x08008510                __assert_func
 .text.quorem   0x0800854c      0x110 C:/ST/STM32CubeIDE_1.19.0/STM32CubeIDE/plugins/com.st.stm32cube.ide.mcu.externaltools.gnu-tools-for-stm32.13.3.rel1.win32_1.0.0.202411081344/tools/bin/../lib/gcc/arm-none-eabi/13.3.1/../../../../arm-none-eabi/lib/thumb/v7-m/nofp\libc_nano.a(libc_a-dtoa.o)
 *fill*         0x0800865c        0x4 
 .text._dtoa_r  0x08008660      0xba8 C:/ST/STM32CubeIDE_1.19.0/STM32CubeIDE/plugins/com.st.stm32cube.ide.mcu.externaltools.gnu-tools-for-stm32.13.3.rel1.win32_1.0.0.202411081344/tools/bin/../lib/gcc/arm-none-eabi/13.3.1/../../../../arm-none-eabi/lib/thumb/v7-m/nofp\libc_nano.a(libc_a-dtoa.o)
                0x08008660                _dtoa_r
 .text._free_r  0x08009208       0x90 C:/ST/STM32CubeIDE_1.19.0/STM32CubeIDE/plugins/com.st.stm32cube.ide.mcu.externaltools.gnu-tools-for-stm32.13.3.rel1.win32_1.0.0.202411081344/tools/bin/../lib/gcc/arm-none-eabi/13.3.1/../../../../arm-none-eabi/lib/thumb/v7-m/nofp\libc_nano.a(libc_a-freer.o)
                0x08009208                _free_r
 .text.malloc   0x08009298       0x10 C:/ST/STM32CubeIDE_1.19.0/STM32CubeIDE/plugins/com.st.stm32cube.ide.mcu.externaltools.gnu-tools-for-stm32.13.3.rel1.win32_1.0.0.202411081344/tools/bin/../lib/gcc/arm-none-eabi/13.3.1/../../../../arm-none-eabi/lib/thumb/v7-m/nofp\libc_nano.a(libc_a-malloc.o)
                0x08009298                malloc
 .text.sbrk_aligned
                0x080092a8       0x44 C:/ST/STM32CubeIDE_1.19.0/STM32CubeIDE/plugins/com.st.stm32cube.ide.mcu.externaltools.gnu-tools-for-stm32.13.3.rel1.win32_1.0.0.202411081344/tools/bin/../lib/gcc/arm-none-eabi/13.3.1/../../../../arm-none-eabi/lib/thumb/v7-m/nofp\libc_nano.a(libc_a-mallocr.o)
 .text._malloc_r
                0x080092ec      0x100 C:/ST/STM32CubeIDE_1.19.0/STM32CubeIDE/plugins/com.st.stm32cube.ide.mcu.externaltools.gnu-tools-for-stm32.13.3.rel1.win32_1.0.0.202411081344/tools/bin/../lib/gcc/arm-none-eabi/13.3.1/../../../../arm-none-eabi/lib/thumb/v7-m/nofp\libc_nano.a(libc_a-mallocr.o)
                0x080092ec                _malloc_r
 .text.__malloc_lock
                0x080093ec        0xc C:/ST/STM32CubeIDE_1.19.0/STM32CubeIDE/plugins/com.st.stm32cube.ide.mcu.externaltools.gnu-tools-for-stm32.13.3.rel1.win32_1.0.0.202411081344/tools/bin/../lib/gcc/arm-none-eabi/13.3.1/../../../../arm-none-eabi/lib/thumb/v7-m/nofp\libc_nano.a(libc_a-mlock.o)
                0x080093ec                __malloc_lock
 .text.__malloc_unlock
                0x080093f8        0xc C:/ST/STM32CubeIDE_1.19.0/STM32CubeIDE/plugins/com.st.stm32cube.ide.mcu.externaltools.gnu-tools-for-stm32.13.3.rel1.win32_1.0.0.202411081344/tools/bin/../lib/gcc/arm-none-eabi/13.3.1/../../../../arm-none-eabi/lib/thumb/v7-m/nofp\libc_nano.a(libc_a-mlock.o)
                0x080093f8                __malloc_unlock
 .text._Balloc  0x08009404       0x80 C:/ST/STM32CubeIDE_1.19.0/STM32CubeIDE/plugins/com.st.stm32cube.ide.mcu.externaltools.gnu-tools-for-stm32.13.3.rel1.win32_1.0.0.202411081344/tools/bin/../lib/gcc/arm-none-eabi/13.3.1/../../../../arm-none-eabi/lib/thumb/v7-m/nofp\libc_nano.a(libc_a-mprec.o)
                0x08009404                _Balloc
 .text._Bfree   0x08009484       0x44 C:/ST/STM32CubeIDE_1.19.0/STM32CubeIDE/plugins/com.st.stm32cube.ide.mcu.externaltools.gnu-tools-for-stm32.13.3.rel1.win32_1.0.0.202411081344/tools/bin/../lib/gcc/arm-none-eabi/13.3.1/../../../../arm-none-eabi/lib/thumb/v7-m/nofp\libc_nano.a(libc_a-mprec.o)
                0x08009484                _Bfree
 .text.__multadd
                0x080094c8       0x8c C:/ST/STM32CubeIDE_1.19.0/STM32CubeIDE/plugins/com.st.stm32cube.ide.mcu.externaltools.gnu-tools-for-stm32.13.3.rel1.win32_1.0.0.202411081344/tools/bin/../lib/gcc/arm-none-eabi/13.3.1/../../../../arm-none-eabi/lib/thumb/v7-m/nofp\libc_nano.a(libc_a-mprec.o)
                0x080094c8                __multadd
 .text.__hi0bits
                0x08009554       0x3e C:/ST/STM32CubeIDE_1.19.0/STM32CubeIDE/plugins/com.st.stm32cube.ide.mcu.externaltools.gnu-tools-for-stm32.13.3.rel1.win32_1.0.0.202411081344/tools/bin/../lib/gcc/arm-none-eabi/13.3.1/../../../../arm-none-eabi/lib/thumb/v7-m/nofp\libc_nano.a(libc_a-mprec.o)
                0x08009554                __hi0bits
 .text.__lo0bits
                0x08009592       0x5a C:/ST/STM32CubeIDE_1.19.0/STM32CubeIDE/plugins/com.st.stm32cube.ide.mcu.externaltools.gnu-tools-for-stm32.13.3.rel1.win32_1.0.0.202411081344/tools/bin/../lib/gcc/arm-none-eabi/13.3.1/../../../../arm-none-eabi/lib/thumb/v7-m/nofp\libc_nano.a(libc_a-mprec.o)
                0x08009592                __lo0bits
 .text.__i2b    0x080095ec       0x2c C:/ST/STM32CubeIDE_1.19.0/STM32CubeIDE/plugins/com.st.stm32cube.ide.mcu.externaltools.gnu-tools-for-stm32.13.3.rel1.win32_1.0.0.202411081344/tools/bin/../lib/gcc/arm-none-eabi/13.3.1/../../../../arm-none-eabi/lib/thumb/v7-m/nofp\libc_nano.a(libc_a-mprec.o)
                0x080095ec                __i2b
 .text.__multiply
                0x08009618      0x144 C:/ST/STM32CubeIDE_1.19.0/STM32CubeIDE/plugins/com.st.stm32cube.ide.mcu.externaltools.gnu-tools-for-stm32.13.3.rel1.win32_1.0.0.202411081344/tools/bin/../lib/gcc/arm-none-eabi/13.3.1/../../../../arm-none-eabi/lib/thumb/v7-m/nofp\libc_nano.a(libc_a-mprec.o)
                0x08009618                __multiply
 .text.__pow5mult
                0x0800975c       0xb4 C:/ST/STM32CubeIDE_1.19.0/STM32CubeIDE/plugins/com.st.stm32cube.ide.mcu.externaltools.gnu-tools-for-stm32.13.3.rel1.win32_1.0.0.202411081344/tools/bin/../lib/gcc/arm-none-eabi/13.3.1/../../../../arm-none-eabi/lib/thumb/v7-m/nofp\libc_nano.a(libc_a-mprec.o)
                0x0800975c                __pow5mult
 .text.__lshift
                0x08009810       0xd8 C:/ST/STM32CubeIDE_1.19.0/STM32CubeIDE/plugins/com.st.stm32cube.ide.mcu.externaltools.gnu-tools-for-stm32.13.3.rel1.win32_1.0.0.202411081344/tools/bin/../lib/gcc/arm-none-eabi/13.3.1/../../../../arm-none-eabi/lib/thumb/v7-m/nofp\libc_nano.a(libc_a-mprec.o)
                0x08009810                __lshift
 .text.__mcmp   0x080098e8       0x36 C:/ST/STM32CubeIDE_1.19.0/STM32CubeIDE/plugins/com.st.stm32cube.ide.mcu.externaltools.gnu-tools-for-stm32.13.3.rel1.win32_1.0.0.202411081344/tools/bin/../lib/gcc/arm-none-eabi/13.3.1/../../../../arm-none-eabi/lib/thumb/v7-m/nofp\libc_nano.a(libc_a-mprec.o)
                0x080098e8                __mcmp
 *fill*         0x0800991e        0x2 
 .text.__mdiff  0x08009920      0x128 C:/ST/STM32CubeIDE_1.19.0/STM32CubeIDE/plugins/com.st.stm32cube.ide.mcu.externaltools.gnu-tools-for-stm32.13.3.rel1.win32_1.0.0.202411081344/tools/bin/../lib/gcc/arm-none-eabi/13.3.1/../../../../arm-none-eabi/lib/thumb/v7-m/nofp\libc_nano.a(libc_a-mprec.o)
                0x08009920                __mdiff
 .text.__d2b    0x08009a48       0xb0 C:/ST/STM32CubeIDE_1.19.0/STM32CubeIDE/plugins/com.st.stm32cube.ide.mcu.externaltools.gnu-tools-for-stm32.13.3.rel1.win32_1.0.0.202411081344/tools/bin/../lib/gcc/arm-none-eabi/13.3.1/../../../../arm-none-eabi/lib/thumb/v7-m/nofp\libc_nano.a(libc_a-mprec.o)
                0x08009a48                __d2b
 .text.__ssputs_r
                0x08009af8       0xb6 C:/ST/STM32CubeIDE_1.19.0/STM32CubeIDE/plugins/com.st.stm32cube.ide.mcu.externaltools.gnu-tools-for-stm32.13.3.rel1.win32_1.0.0.202411081344/tools/bin/../lib/gcc/arm-none-eabi/13.3.1/../../../../arm-none-eabi/lib/thumb/v7-m/nofp\libc_nano.a(libc_a-nano-svfprintf.o)
                0x08009af8                __ssputs_r
 *fill*         0x08009bae        0x2 
 .text._svfprintf_r
                0x08009bb0      0x1f8 C:/ST/STM32CubeIDE_1.19.0/STM32CubeIDE/plugins/com.st.stm32cube.ide.mcu.externaltools.gnu-tools-for-stm32.13.3.rel1.win32_1.0.0.202411081344/tools/bin/../lib/gcc/arm-none-eabi/13.3.1/../../../../arm-none-eabi/lib/thumb/v7-m/nofp\libc_nano.a(libc_a-nano-svfprintf.o)
                0x08009bb0                _svfiprintf_r
                0x08009bb0                _svfprintf_r
 .text.__sfputc_r
                0x08009da8       0x2a C:/ST/STM32CubeIDE_1.19.0/STM32CubeIDE/plugins/com.st.stm32cube.ide.mcu.externaltools.gnu-tools-for-stm32.13.3.rel1.win32_1.0.0.202411081344/tools/bin/../lib/gcc/arm-none-eabi/13.3.1/../../../../arm-none-eabi/lib/thumb/v7-m/nofp\libc_nano.a(libc_a-nano-vfprintf.o)
 .text.__sfputs_r
                0x08009dd2       0x24 C:/ST/STM32CubeIDE_1.19.0/STM32CubeIDE/plugins/com.st.stm32cube.ide.mcu.externaltools.gnu-tools-for-stm32.13.3.rel1.win32_1.0.0.202411081344/tools/bin/../lib/gcc/arm-none-eabi/13.3.1/../../../../arm-none-eabi/lib/thumb/v7-m/nofp\libc_nano.a(libc_a-nano-vfprintf.o)
                0x08009dd2                __sfputs_r
 *fill*         0x08009df6        0x2 
 .text._vfprintf_r
                0x08009df8      0x230 C:/ST/STM32CubeIDE_1.19.0/STM32CubeIDE/plugins/com.st.stm32cube.ide.mcu.externaltools.gnu-tools-for-stm32.13.3.rel1.win32_1.0.0.202411081344/tools/bin/../lib/gcc/arm-none-eabi/13.3.1/../../../../arm-none-eabi/lib/thumb/v7-m/nofp\libc_nano.a(libc_a-nano-vfprintf.o)
                0x08009df8                _vfprintf_r
                0x08009df8                _vfiprintf_r
 .text.__sflush_r
                0x0800a028      0x100 C:/ST/STM32CubeIDE_1.19.0/STM32CubeIDE/plugins/com.st.stm32cube.ide.mcu.externaltools.gnu-tools-for-stm32.13.3.rel1.win32_1.0.0.202411081344/tools/bin/../lib/gcc/arm-none-eabi/13.3.1/../../../../arm-none-eabi/lib/thumb/v7-m/nofp\libc_nano.a(libc_a-fflush.o)
                0x0800a028                __sflush_r
 .text._fflush_r
                0x0800a128       0x50 C:/ST/STM32CubeIDE_1.19.0/STM32CubeIDE/plugins/com.st.stm32cube.ide.mcu.externaltools.gnu-tools-for-stm32.13.3.rel1.win32_1.0.0.202411081344/tools/bin/../lib/gcc/arm-none-eabi/13.3.1/../../../../arm-none-eabi/lib/thumb/v7-m/nofp\libc_nano.a(libc_a-fflush.o)
                0x0800a128                _fflush_r
 .text.fprintf  0x0800a178       0x24 C:/ST/STM32CubeIDE_1.19.0/STM32CubeIDE/plugins/com.st.stm32cube.ide.mcu.externaltools.gnu-tools-for-stm32.13.3.rel1.win32_1.0.0.202411081344/tools/bin/../lib/gcc/arm-none-eabi/13.3.1/../../../../arm-none-eabi/lib/thumb/v7-m/nofp\libc_nano.a(libc_a-fprintf.o)
                0x0800a178                fiprintf
                0x0800a178                fprintf
 .text.__swbuf_r
                0x0800a19c       0x7c C:/ST/STM32CubeIDE_1.19.0/STM32CubeIDE/plugins/com.st.stm32cube.ide.mcu.externaltools.gnu-tools-for-stm32.13.3.rel1.win32_1.0.0.202411081344/tools/bin/../lib/gcc/arm-none-eabi/13.3.1/../../../../arm-none-eabi/lib/thumb/v7-m/nofp\libc_nano.a(libc_a-wbuf.o)
                0x0800a19c                __swbuf_r
 .text.__swsetup_r
                0x0800a218       0xac C:/ST/STM32CubeIDE_1.19.0/STM32CubeIDE/plugins/com.st.stm32cube.ide.mcu.externaltools.gnu-tools-for-stm32.13.3.rel1.win32_1.0.0.202411081344/tools/bin/../lib/gcc/arm-none-eabi/13.3.1/../../../../arm-none-eabi/lib/thumb/v7-m/nofp\libc_nano.a(libc_a-wsetup.o)
                0x0800a218                __swsetup_r
 .text.memmove  0x0800a2c4       0x34 C:/ST/STM32CubeIDE_1.19.0/STM32CubeIDE/plugins/com.st.stm32cube.ide.mcu.externaltools.gnu-tools-for-stm32.13.3.rel1.win32_1.0.0.202411081344/tools/bin/../lib/gcc/arm-none-eabi/13.3.1/../../../../arm-none-eabi/lib/thumb/v7-m/nofp\libc_nano.a(libc_a-memmove.o)
                0x0800a2c4                memmove
 .text._sbrk_r  0x0800a2f8       0x20 C:/ST/STM32CubeIDE_1.19.0/STM32CubeIDE/plugins/com.st.stm32cube.ide.mcu.externaltools.gnu-tools-for-stm32.13.3.rel1.win32_1.0.0.202411081344/tools/bin/../lib/gcc/arm-none-eabi/13.3.1/../../../../arm-none-eabi/lib/thumb/v7-m/nofp\libc_nano.a(libc_a-sbrkr.o)
                0x0800a2f8                _sbrk_r
 .text.abort    0x0800a318        0xe C:/ST/STM32CubeIDE_1.19.0/STM32CubeIDE/plugins/com.st.stm32cube.ide.mcu.externaltools.gnu-tools-for-stm32.13.3.rel1.win32_1.0.0.202411081344/tools/bin/../lib/gcc/arm-none-eabi/13.3.1/../../../../arm-none-eabi/lib/thumb/v7-m/nofp\libc_nano.a(libc_a-abort.o)
                0x0800a318                abort
 .text._calloc_r
                0x0800a326       0x28 C:/ST/STM32CubeIDE_1.19.0/STM32CubeIDE/plugins/com.st.stm32cube.ide.mcu.externaltools.gnu-tools-for-stm32.13.3.rel1.win32_1.0.0.202411081344/tools/bin/../lib/gcc/arm-none-eabi/13.3.1/../../../../arm-none-eabi/lib/thumb/v7-m/nofp\libc_nano.a(libc_a-callocr.o)
                0x0800a326                _calloc_r
 .text.__ascii_mbtowc
                0x0800a34e       0x24 C:/ST/STM32CubeIDE_1.19.0/STM32CubeIDE/plugins/com.st.stm32cube.ide.mcu.externaltools.gnu-tools-for-stm32.13.3.rel1.win32_1.0.0.202411081344/tools/bin/../lib/gcc/arm-none-eabi/13.3.1/../../../../arm-none-eabi/lib/thumb/v7-m/nofp\libc_nano.a(libc_a-mbtowc_r.o)
                0x0800a34e                __ascii_mbtowc
 .text._realloc_r
                0x0800a372       0x5c C:/ST/STM32CubeIDE_1.19.0/STM32CubeIDE/plugins/com.st.stm32cube.ide.mcu.externaltools.gnu-tools-for-stm32.13.3.rel1.win32_1.0.0.202411081344/tools/bin/../lib/gcc/arm-none-eabi/13.3.1/../../../../arm-none-eabi/lib/thumb/v7-m/nofp\libc_nano.a(libc_a-reallocr.o)
                0x0800a372                _realloc_r
 .text.__ascii_wctomb
                0x0800a3ce       0x1a C:/ST/STM32CubeIDE_1.19.0/STM32CubeIDE/plugins/com.st.stm32cube.ide.mcu.externaltools.gnu-tools-for-stm32.13.3.rel1.win32_1.0.0.202411081344/tools/bin/../lib/gcc/arm-none-eabi/13.3.1/../../../../arm-none-eabi/lib/thumb/v7-m/nofp\libc_nano.a(libc_a-wctomb_r.o)
                0x0800a3ce                __ascii_wctomb
 .text.__swhatbuf_r
                0x0800a3e8       0x4a C:/ST/STM32CubeIDE_1.19.0/STM32CubeIDE/plugins/com.st.stm32cube.ide.mcu.externaltools.gnu-tools-for-stm32.13.3.rel1.win32_1.0.0.202411081344/tools/bin/../lib/gcc/arm-none-eabi/13.3.1/../../../../arm-none-eabi/lib/thumb/v7-m/nofp\libc_nano.a(libc_a-makebuf.o)
                0x0800a3e8                __swhatbuf_r
 .text.__smakebuf_r
                0x0800a432       0x78 C:/ST/STM32CubeIDE_1.19.0/STM32CubeIDE/plugins/com.st.stm32cube.ide.mcu.externaltools.gnu-tools-for-stm32.13.3.rel1.win32_1.0.0.202411081344/tools/bin/../lib/gcc/arm-none-eabi/13.3.1/../../../../arm-none-eabi/lib/thumb/v7-m/nofp\libc_nano.a(libc_a-makebuf.o)
                0x0800a432                __smakebuf_r
 .text._raise_r
                0x0800a4aa       0x50 C:/ST/STM32CubeIDE_1.19.0/STM32CubeIDE/plugins/com.st.stm32cube.ide.mcu.externaltools.gnu-tools-for-stm32.13.3.rel1.win32_1.0.0.202411081344/tools/bin/../lib/gcc/arm-none-eabi/13.3.1/../../../../arm-none-eabi/lib/thumb/v7-m/nofp\libc_nano.a(libc_a-signal.o)
                0x0800a4aa                _raise_r
 *fill*         0x0800a4fa        0x2 
 .text.raise    0x0800a4fc       0x10 C:/ST/STM32CubeIDE_1.19.0/STM32CubeIDE/plugins/com.st.stm32cube.ide.mcu.externaltools.gnu-tools-for-stm32.13.3.rel1.win32_1.0.0.202411081344/tools/bin/../lib/gcc/arm-none-eabi/13.3.1/../../../../arm-none-eabi/lib/thumb/v7-m/nofp\libc_nano.a(libc_a-signal.o)
                0x0800a4fc                raise
 .text._fstat_r
                0x0800a50c       0x24 C:/ST/STM32CubeIDE_1.19.0/STM32CubeIDE/plugins/com.st.stm32cube.ide.mcu.externaltools.gnu-tools-for-stm32.13.3.rel1.win32_1.0.0.202411081344/tools/bin/../lib/gcc/arm-none-eabi/13.3.1/../../../../arm-none-eabi/lib/thumb/v7-m/nofp\libc_nano.a(libc_a-fstatr.o)
                0x0800a50c                _fstat_r
 .text._isatty_r
                0x0800a530       0x20 C:/ST/STM32CubeIDE_1.19.0/STM32CubeIDE/plugins/com.st.stm32cube.ide.mcu.externaltools.gnu-tools-for-stm32.13.3.rel1.win32_1.0.0.202411081344/tools/bin/../lib/gcc/arm-none-eabi/13.3.1/../../../../arm-none-eabi/lib/thumb/v7-m/nofp\libc_nano.a(libc_a-isattyr.o)
                0x0800a530                _isatty_r
 .text._kill_r  0x0800a550       0x24 C:/ST/STM32CubeIDE_1.19.0/STM32CubeIDE/plugins/com.st.stm32cube.ide.mcu.externaltools.gnu-tools-for-stm32.13.3.rel1.win32_1.0.0.202411081344/tools/bin/../lib/gcc/arm-none-eabi/13.3.1/../../../../arm-none-eabi/lib/thumb/v7-m/nofp\libc_nano.a(libc_a-signalr.o)
                0x0800a550                _kill_r
 .text._getpid_r
                0x0800a574        0x4 C:/ST/STM32CubeIDE_1.19.0/STM32CubeIDE/plugins/com.st.stm32cube.ide.mcu.externaltools.gnu-tools-for-stm32.13.3.rel1.win32_1.0.0.202411081344/tools/bin/../lib/gcc/arm-none-eabi/13.3.1/../../../../arm-none-eabi/lib/thumb/v7-m/nofp\libc_nano.a(libc_a-signalr.o)
                0x0800a574                _getpid_r
 .text._malloc_usable_size_r
                0x0800a578       0x10 C:/ST/STM32CubeIDE_1.19.0/STM32CubeIDE/plugins/com.st.stm32cube.ide.mcu.externaltools.gnu-tools-for-stm32.13.3.rel1.win32_1.0.0.202411081344/tools/bin/../lib/gcc/arm-none-eabi/13.3.1/../../../../arm-none-eabi/lib/thumb/v7-m/nofp\libc_nano.a(libc_a-msizer.o)
                0x0800a578                _malloc_usable_size_r
 *(.glue_7)
 .glue_7        0x0800a588        0x0 linker stubs
 *(.glue_7t)
 .glue_7t       0x0800a588        0x0 linker stubs
 *(.eh_frame)
 .eh_frame      0x0800a588        0x0 C:/ST/STM32CubeIDE_1.19.0/STM32CubeIDE/plugins/com.st.stm32cube.ide.mcu.externaltools.gnu-tools-for-stm32.13.3.rel1.win32_1.0.0.202411081344/tools/bin/../lib/gcc/arm-none-eabi/13.3.1/thumb/v7-m/nofp/crtbegin.o
 *(.init)
 .init          0x0800a588        0x4 C:/ST/STM32CubeIDE_1.19.0/STM32CubeIDE/plugins/com.st.stm32cube.ide.mcu.externaltools.gnu-tools-for-stm32.13.3.rel1.win32_1.0.0.202411081344/tools/bin/../lib/gcc/arm-none-eabi/13.3.1/thumb/v7-m/nofp/crti.o
                0x0800a588                _init
 .init          0x0800a58c        0x8 C:/ST/STM32CubeIDE_1.19.0/STM32CubeIDE/plugins/com.st.stm32cube.ide.mcu.externaltools.gnu-tools-for-stm32.13.3.rel1.win32_1.0.0.202411081344/tools/bin/../lib/gcc/arm-none-eabi/13.3.1/thumb/v7-m/nofp/crtn.o
 *(.fini)
 .fini          0x0800a594        0x4 C:/ST/STM32CubeIDE_1.19.0/STM32CubeIDE/plugins/com.st.stm32cube.ide.mcu.externaltools.gnu-tools-for-stm32.13.3.rel1.win32_1.0.0.202411081344/tools/bin/../lib/gcc/arm-none-eabi/13.3.1/thumb/v7-m/nofp/crti.o
                0x0800a594                _fini
 .fini          0x0800a598        0x8 C:/ST/STM32CubeIDE_1.19.0/STM32CubeIDE/plugins/com.st.stm32cube.ide.mcu.externaltools.gnu-tools-for-stm32.13.3.rel1.win32_1.0.0.202411081344/tools/bin/../lib/gcc/arm-none-eabi/13.3.1/thumb/v7-m/nofp/crtn.o
                0x0800a5a0                        . = ALIGN (0x4)
                0x0800a5a0                        _etext = .

.vfp11_veneer   0x0800a5a0        0x0
 .vfp11_veneer  0x0800a5a0        0x0 linker stubs

.v4_bx          0x0800a5a0        0x0
 .v4_bx         0x0800a5a0        0x0 linker stubs

.iplt           0x0800a5a0        0x0
 .iplt          0x0800a5a0        0x0 C:/ST/STM32CubeIDE_1.19.0/STM32CubeIDE/plugins/com.st.stm32cube.ide.mcu.externaltools.gnu-tools-for-stm32.13.3.rel1.win32_1.0.0.202411081344/tools/bin/../lib/gcc/arm-none-eabi/13.3.1/thumb/v7-m/nofp/crtbegin.o

.rodata         0x0800a5a0      0xe38
                0x0800a5a0                        . = ALIGN (0x4)
 *(.rodata)
 *(.rodata*)
 .rodata.lc_table
                0x0800a5a0       0xa8 ./Core/Src/HX711.o
 .rodata.SIMCom_HandShake.str1.1
                0x0800a648      0xa6e ./Core/Src/SIMCOM.o
                                  0x7 (size before relaxing)
 .rodata.SIM_CheckResponse.str1.1
                0x0800b0b6       0x15 ./Core/Src/SIMCOM.o
 .rodata.SIMCom_Post.str1.1
                0x0800b0b6       0x2e ./Core/Src/SIMCOM.o
 .rodata.str1.1
                0x0800b0b6      0x137 ./Core/Src/SIMCOM.o
 *fill*         0x0800b0b6        0x2 
 .rodata.ws_mass_table
                0x0800b0b8       0x54 ./Core/Src/WATERSENSOR.o
 .rodata.HIGH_MAP
                0x0800b10c        0xc ./Core/Src/WATERSENSOR.o
 .rodata.LOG.str1.1
                0x0800b118        0x2 ./Core/Src/main.o
 .rodata.CheckHeader.str1.1
                0x0800b118       0xfa ./Core/Src/main.o
 .rodata.main.str1.1
                0x0800b118      0x158 ./Core/Src/main.o
 .rodata.url_postuco
                0x0800b118       0x25 ./Core/Src/main.o
                0x0800b118                url_postuco
 .rodata.url_identity
                0x0800b13d       0x26 ./Core/Src/main.o
                0x0800b13d                url_identity
 .rodata.url_postper
                0x0800b163       0x2b ./Core/Src/main.o
                0x0800b163                url_postper
 .rodata.countryDialCode
                0x0800b18e        0x4 ./Core/Src/main.o
                0x0800b18e                countryDialCode
 .rodata.ID     0x0800b192        0xc ./Core/Src/main.o
                0x0800b192                ID
 .rodata.APBPrescTable
                0x0800b19e        0x8 ./Core/Src/system_stm32f1xx.o
                0x0800b19e                APBPrescTable
 .rodata.AHBPrescTable
                0x0800b1a6       0x10 ./Core/Src/system_stm32f1xx.o
                0x0800b1a6                AHBPrescTable
 .rodata.AlarmWakeUpMode.str1.1
                0x0800b1b6       0x79 ./Core/Src/Handlers/AlarmWakeUp.o
 .rodata.DoorOpen_Measure.str1.1
                0x0800b1b6       0x73 ./Core/Src/Handlers/OpenInput.o
 .rodata.build_post_periodic_payload.str1.1
                0x0800b1b6       0x57 ./Core/Src/Handlers/PostPer.o
 .rodata.PostPeriodic.str1.1
                0x0800b1b6       0x40 ./Core/Src/Handlers/PostPer.o
 .rodata.build_post_uco_payload.str1.1
                0x0800b1b6       0x84 ./Core/Src/Handlers/PostUCO.o
 .rodata.sim_post_request.str1.1
                0x0800b1b6       0x59 ./Core/Src/Handlers/PostUCO.o
 .rodata.PostUCO.str1.1
                0x0800b1b6       0x35 ./Core/Src/Handlers/PostUCO.o
 .rodata.Recheck.str1.1
                0x0800b1b6       0xc0 ./Core/Src/Handlers/Recheck.o
 .rodata.SleepMode.str1.1
                0x0800b1b6       0x1c ./Core/Src/Handlers/Sleep.o
 .rodata.UnlockDoor.str1.1
                0x0800b1b6        0x9 ./Core/Src/Handlers/UnlockDoor.o
 .rodata.parsePhoneNumber.part.0.str1.1
                0x0800b1b6        0xf ./Core/Src/Handlers/Validation.o
 .rodata.buildIdentityJSON.str1.1
                0x0800b1b6       0x54 ./Core/Src/Handlers/Validation.o
 .rodata.simIdentityRequest.str1.1
                0x0800b1b6       0x61 ./Core/Src/Handlers/Validation.o
 .rodata.printSimResult.str1.1
                0x0800b1b6       0x2e ./Core/Src/Handlers/Validation.o
 .rodata.Validation.str1.1
                0x0800b1b6       0x4e ./Core/Src/Handlers/Validation.o
 .rodata.DoorClose_Measure.str1.1
                0x0800b1b6      0x130 ./Core/Src/Handlers/closeInput.o
 .rodata.I2C_DumpDevices.str1.1
                0x0800b1b6       0x27 ./Core/Src/Handlers/handshake.o
 .rodata.CheckSIM.str1.1
                0x0800b1b6       0x1c ./Core/Src/Handlers/handshake.o
 .rodata.CheckLaser.str1.1
                0x0800b1b6       0x14 ./Core/Src/Handlers/handshake.o
 .rodata.CheckUltra.str1.1
                0x0800b1b6       0x14 ./Core/Src/Handlers/handshake.o
 .rodata.CheckLoadcell.str1.1
                0x0800b1b6       0x1a ./Core/Src/Handlers/handshake.o
 .rodata.CheckWater.str1.1
                0x0800b1b6       0x14 ./Core/Src/Handlers/handshake.o
 .rodata.Handshake.str1.1
                0x0800b1b6       0x37 ./Core/Src/Handlers/handshake.o
 .rodata.aPredivFactorTable.0
                0x0800b1b6        0x2 ./Drivers/STM32F1xx_HAL_Driver/Src/stm32f1xx_hal_rcc.o
 .rodata.aPLLMULFactorTable.1
                0x0800b1b8       0x10 ./Drivers/STM32F1xx_HAL_Driver/Src/stm32f1xx_hal_rcc.o
 .rodata.aPredivFactorTable.0
                0x0800b1c8        0x2 ./Drivers/STM32F1xx_HAL_Driver/Src/stm32f1xx_hal_rcc_ex.o
 .rodata.aPLLMULFactorTable.1
                0x0800b1ca       0x10 ./Drivers/STM32F1xx_HAL_Driver/Src/stm32f1xx_hal_rcc_ex.o
 .rodata.srand.str1.1
                0x0800b1da       0x6f C:/ST/STM32CubeIDE_1.19.0/STM32CubeIDE/plugins/com.st.stm32cube.ide.mcu.externaltools.gnu-tools-for-stm32.13.3.rel1.win32_1.0.0.202411081344/tools/bin/../lib/gcc/arm-none-eabi/13.3.1/../../../../arm-none-eabi/lib/thumb/v7-m/nofp\libc_nano.a(libc_a-rand.o)
 .rodata._ctype_
                0x0800b1da      0x101 C:/ST/STM32CubeIDE_1.19.0/STM32CubeIDE/plugins/com.st.stm32cube.ide.mcu.externaltools.gnu-tools-for-stm32.13.3.rel1.win32_1.0.0.202411081344/tools/bin/../lib/gcc/arm-none-eabi/13.3.1/../../../../arm-none-eabi/lib/thumb/v7-m/nofp\libc_nano.a(libc_a-ctype_.o)
                0x0800b1da                _ctype_
 .rodata._printf_float.str1.1
                0x0800b2db       0x12 C:/ST/STM32CubeIDE_1.19.0/STM32CubeIDE/plugins/com.st.stm32cube.ide.mcu.externaltools.gnu-tools-for-stm32.13.3.rel1.win32_1.0.0.202411081344/tools/bin/../lib/gcc/arm-none-eabi/13.3.1/../../../../arm-none-eabi/lib/thumb/v7-m/nofp\libc_nano.a(libc_a-nano-vfprintf_float.o)
 .rodata._printf_i.str1.1
                0x0800b2db       0x22 C:/ST/STM32CubeIDE_1.19.0/STM32CubeIDE/plugins/com.st.stm32cube.ide.mcu.externaltools.gnu-tools-for-stm32.13.3.rel1.win32_1.0.0.202411081344/tools/bin/../lib/gcc/arm-none-eabi/13.3.1/../../../../arm-none-eabi/lib/thumb/v7-m/nofp\libc_nano.a(libc_a-nano-vfprintf_i.o)
 .rodata.__assert_func.str1.1
                0x0800b2db       0x3d C:/ST/STM32CubeIDE_1.19.0/STM32CubeIDE/plugins/com.st.stm32cube.ide.mcu.externaltools.gnu-tools-for-stm32.13.3.rel1.win32_1.0.0.202411081344/tools/bin/../lib/gcc/arm-none-eabi/13.3.1/../../../../arm-none-eabi/lib/thumb/v7-m/nofp\libc_nano.a(libc_a-assert.o)
 .rodata._dtoa_r.str1.1
                0x0800b2db       0x8f C:/ST/STM32CubeIDE_1.19.0/STM32CubeIDE/plugins/com.st.stm32cube.ide.mcu.externaltools.gnu-tools-for-stm32.13.3.rel1.win32_1.0.0.202411081344/tools/bin/../lib/gcc/arm-none-eabi/13.3.1/../../../../arm-none-eabi/lib/thumb/v7-m/nofp\libc_nano.a(libc_a-dtoa.o)
 .rodata._Balloc.str1.1
                0x0800b2db       0x70 C:/ST/STM32CubeIDE_1.19.0/STM32CubeIDE/plugins/com.st.stm32cube.ide.mcu.externaltools.gnu-tools-for-stm32.13.3.rel1.win32_1.0.0.202411081344/tools/bin/../lib/gcc/arm-none-eabi/13.3.1/../../../../arm-none-eabi/lib/thumb/v7-m/nofp\libc_nano.a(libc_a-mprec.o)
 .rodata.__multadd.str1.1
                0x0800b2db       0x11 C:/ST/STM32CubeIDE_1.19.0/STM32CubeIDE/plugins/com.st.stm32cube.ide.mcu.externaltools.gnu-tools-for-stm32.13.3.rel1.win32_1.0.0.202411081344/tools/bin/../lib/gcc/arm-none-eabi/13.3.1/../../../../arm-none-eabi/lib/thumb/v7-m/nofp\libc_nano.a(libc_a-mprec.o)
 *fill*         0x0800b2db        0x1 
 .rodata.p05.0  0x0800b2dc        0xc C:/ST/STM32CubeIDE_1.19.0/STM32CubeIDE/plugins/com.st.stm32cube.ide.mcu.externaltools.gnu-tools-for-stm32.13.3.rel1.win32_1.0.0.202411081344/tools/bin/../lib/gcc/arm-none-eabi/13.3.1/../../../../arm-none-eabi/lib/thumb/v7-m/nofp\libc_nano.a(libc_a-mprec.o)
 .rodata.__mprec_bigtens
                0x0800b2e8       0x28 C:/ST/STM32CubeIDE_1.19.0/STM32CubeIDE/plugins/com.st.stm32cube.ide.mcu.externaltools.gnu-tools-for-stm32.13.3.rel1.win32_1.0.0.202411081344/tools/bin/../lib/gcc/arm-none-eabi/13.3.1/../../../../arm-none-eabi/lib/thumb/v7-m/nofp\libc_nano.a(libc_a-mprec.o)
                0x0800b2e8                __mprec_bigtens
 .rodata.__mprec_tens
                0x0800b310       0xc8 C:/ST/STM32CubeIDE_1.19.0/STM32CubeIDE/plugins/com.st.stm32cube.ide.mcu.externaltools.gnu-tools-for-stm32.13.3.rel1.win32_1.0.0.202411081344/tools/bin/../lib/gcc/arm-none-eabi/13.3.1/../../../../arm-none-eabi/lib/thumb/v7-m/nofp\libc_nano.a(libc_a-mprec.o)
                0x0800b310                __mprec_tens
 .rodata._svfprintf_r.str1.1
                0x0800b3d8       0x11 C:/ST/STM32CubeIDE_1.19.0/STM32CubeIDE/plugins/com.st.stm32cube.ide.mcu.externaltools.gnu-tools-for-stm32.13.3.rel1.win32_1.0.0.202411081344/tools/bin/../lib/gcc/arm-none-eabi/13.3.1/../../../../arm-none-eabi/lib/thumb/v7-m/nofp\libc_nano.a(libc_a-nano-svfprintf.o)
 .rodata._vfprintf_r.str1.1
                0x0800b3d8       0x11 C:/ST/STM32CubeIDE_1.19.0/STM32CubeIDE/plugins/com.st.stm32cube.ide.mcu.externaltools.gnu-tools-for-stm32.13.3.rel1.win32_1.0.0.202411081344/tools/bin/../lib/gcc/arm-none-eabi/13.3.1/../../../../arm-none-eabi/lib/thumb/v7-m/nofp\libc_nano.a(libc_a-nano-vfprintf.o)
 .rodata._setlocale_r.str1.1
                0x0800b3d8        0x9 C:/ST/STM32CubeIDE_1.19.0/STM32CubeIDE/plugins/com.st.stm32cube.ide.mcu.externaltools.gnu-tools-for-stm32.13.3.rel1.win32_1.0.0.202411081344/tools/bin/../lib/gcc/arm-none-eabi/13.3.1/../../../../arm-none-eabi/lib/thumb/v7-m/nofp\libc_nano.a(libc_a-locale.o)
 .rodata.str1.1
                0x0800b3d8        0x2 C:/ST/STM32CubeIDE_1.19.0/STM32CubeIDE/plugins/com.st.stm32cube.ide.mcu.externaltools.gnu-tools-for-stm32.13.3.rel1.win32_1.0.0.202411081344/tools/bin/../lib/gcc/arm-none-eabi/13.3.1/../../../../arm-none-eabi/lib/thumb/v7-m/nofp\libc_nano.a(libc_a-locale.o)
                0x0800b3ec                        . = ALIGN (0x4)

.ARM.extab      0x0800b3d8        0x0
                0x0800b3d8                        . = ALIGN (0x4)
 *(.ARM.extab* .gnu.linkonce.armextab.*)
                0x0800b3d8                        . = ALIGN (0x4)

.ARM            0x0800b3d8        0x8
                0x0800b3d8                        . = ALIGN (0x4)
                0x0800b3d8                        __exidx_start = .
 *(.ARM.exidx*)
 .ARM.exidx     0x0800b3d8        0x8 C:/ST/STM32CubeIDE_1.19.0/STM32CubeIDE/plugins/com.st.stm32cube.ide.mcu.externaltools.gnu-tools-for-stm32.13.3.rel1.win32_1.0.0.202411081344/tools/bin/../lib/gcc/arm-none-eabi/13.3.1/../../../../arm-none-eabi/lib/thumb/v7-m/nofp\libc_nano.a(libc_a-strlen.o)
                0x0800b3e0                        __exidx_end = .
                0x0800b3e0                        . = ALIGN (0x4)

.preinit_array  0x0800b3e0        0x0
                0x0800b3e0                        . = ALIGN (0x4)
                0x0800b3e0                        PROVIDE (__preinit_array_start = .)
 *(.preinit_array*)
                0x0800b3e0                        PROVIDE (__preinit_array_end = .)
                0x0800b3e0                        . = ALIGN (0x4)

.init_array     0x0800b3e0        0x4
                0x0800b3e0                        . = ALIGN (0x4)
                0x0800b3e0                        PROVIDE (__init_array_start = .)
 *(SORT_BY_NAME(.init_array.*))
 *(.init_array*)
 .init_array    0x0800b3e0        0x4 C:/ST/STM32CubeIDE_1.19.0/STM32CubeIDE/plugins/com.st.stm32cube.ide.mcu.externaltools.gnu-tools-for-stm32.13.3.rel1.win32_1.0.0.202411081344/tools/bin/../lib/gcc/arm-none-eabi/13.3.1/thumb/v7-m/nofp/crtbegin.o
                0x0800b3e4                        PROVIDE (__init_array_end = .)
                0x0800b3e4                        . = ALIGN (0x4)

.fini_array     0x0800b3e4        0x4
                0x0800b3e4                        . = ALIGN (0x4)
                [!provide]                        PROVIDE (__fini_array_start = .)
 *(SORT_BY_NAME(.fini_array.*))
 *(.fini_array*)
 .fini_array    0x0800b3e4        0x4 C:/ST/STM32CubeIDE_1.19.0/STM32CubeIDE/plugins/com.st.stm32cube.ide.mcu.externaltools.gnu-tools-for-stm32.13.3.rel1.win32_1.0.0.202411081344/tools/bin/../lib/gcc/arm-none-eabi/13.3.1/thumb/v7-m/nofp/crtbegin.o
                [!provide]                        PROVIDE (__fini_array_end = .)
                0x0800b3e8                        . = ALIGN (0x4)
                0x0800b3e8                        _sidata = LOADADDR (.data)

.rel.dyn        0x0800b3e8        0x0
 .rel.iplt      0x0800b3e8        0x0 C:/ST/STM32CubeIDE_1.19.0/STM32CubeIDE/plugins/com.st.stm32cube.ide.mcu.externaltools.gnu-tools-for-stm32.13.3.rel1.win32_1.0.0.202411081344/tools/bin/../lib/gcc/arm-none-eabi/13.3.1/thumb/v7-m/nofp/crtbegin.o

.data           0x20000000      0x260 load address 0x0800b3e8
                0x20000000                        . = ALIGN (0x4)
                0x20000000                        _sdata = .
 *(.data)
 *(.data*)
 .data.Result   0x20000000        0x1 ./Core/Src/SIMCOM.o
 .data.PRE_STATE
                0x20000001        0x1 ./Core/Src/SIMCOM.o
 .data.STATE    0x20000002        0x1 ./Core/Src/SIMCOM.o
 *fill*         0x20000003        0x1 
 .data.messeage
                0x20000004       0x34 ./Core/Src/SIMCOM.o
                0x20000004                messeage
 .data.g_ioTimeout
                0x20000038        0x2 ./Core/Src/VL53L0X.o
                0x20000038                g_ioTimeout
 .data.g_i2cAddr
                0x2000003a        0x1 ./Core/Src/VL53L0X.o
                0x2000003a                g_i2cAddr
 *fill*         0x2000003b        0x1 
 .data.ultra    0x2000003c        0x4 ./Core/Src/main.o
                0x2000003c                ultra
 .data.loadcell_2_close
                0x20000040        0x4 ./Core/Src/main.o
                0x20000040                loadcell_2_close
 .data.loadcell_2_open
                0x20000044        0x4 ./Core/Src/main.o
                0x20000044                loadcell_2_open
 .data.loadcell_2_door
                0x20000048        0x4 ./Core/Src/main.o
                0x20000048                loadcell_2_door
 .data.loadcell_1_close
                0x2000004c        0x4 ./Core/Src/main.o
                0x2000004c                loadcell_1_close
 .data.loadcell_1_open
                0x20000050        0x4 ./Core/Src/main.o
                0x20000050                loadcell_1_open
 .data.loadcell_1_door
                0x20000054        0x4 ./Core/Src/main.o
                0x20000054                loadcell_1_door
 .data.loadcell_sum
                0x20000058        0x4 ./Core/Src/main.o
                0x20000058                loadcell_sum
 .data.loadcell_2_handshake
                0x2000005c        0x4 ./Core/Src/main.o
                0x2000005c                loadcell_2_handshake
 .data.loadcell_2_testmeasure
                0x20000060        0x4 ./Core/Src/main.o
                0x20000060                loadcell_2_testmeasure
 .data.loadcell_2
                0x20000064        0x4 ./Core/Src/main.o
                0x20000064                loadcell_2
 .data.loadcell_1_handshake
                0x20000068        0x4 ./Core/Src/main.o
                0x20000068                loadcell_1_handshake
 .data.loadcell_1_testmeasure
                0x2000006c        0x4 ./Core/Src/main.o
                0x2000006c                loadcell_1_testmeasure
 .data.loadcell_1
                0x20000070        0x4 ./Core/Src/main.o
                0x20000070                loadcell_1
 .data.lc_mass  0x20000074        0x4 ./Core/Src/main.o
                0x20000074                lc_mass
 .data.oil_weight