../Core/Src/Calibration.c:23:13:copy_default_tables	16	static
../Core/Src/Calibration.c:58:6:CAL_Init	8	static
../Core/Src/Calibration.c:70:6:CAL_ResetToDefault	8	static
../Core/Src/Calibration.c:77:6:CAL_Begin	24	static
../Core/Src/Calibration.c:97:5:CAL_AddPoint	32	static
../Core/Src/Calibration.c:122:5:CAL_Finalize	8	static
../Core/Src/Calibration.c:140:22:CAL_GetLCTable	16	static
../Core/Src/Calibration.c:148:14:CAL_GetWSTable	16	static
../Core/Src/Calibration.c:160:6:CAL_SaveToEEPROM	4	static
../Core/Src/Calibration.c:169:6:CAL_LoadFromEEPROM	4	static
