../Core/Src/main.c:193:14:Read_LC_Sum	32	static
../Core/Src/main.c:205:13:CAL_HandleAddPoint	64	static
../Core/Src/main.c:239:6:CheckHeader	40	static
../Core/Src/main.c:322:19:LOG	16	static
../Core/Src/main.c:358:7:VolumeTotal	72	static
../Core/Src/main.c:385:5:main	112	static
../Core/Src/main.c:902:6:SystemClock_Config	88	static
../Core/Src/main.c:951:13:MX_ADC1_Init	24	static
../Core/Src/main.c:998:13:MX_ADC2_Init	24	static
../Core/Src/main.c:1045:13:MX_I2C1_Init	8	static
../Core/Src/main.c:1079:13:MX_RTC_Init	24	static
../Core/Src/main.c:1149:13:MX_TIM1_Init	32	static
../Core/Src/main.c:1195:13:MX_USART1_UART_Init	8	static
../Core/Src/main.c:1228:13:MX_USART2_UART_Init	8	static
../Core/Src/main.c:1261:13:MX_GPIO_Init	40	static
../Core/Src/main.c:1342:6:HAL_UARTEx_RxEventCallback	16	static
../Core/Src/main.c:1361:6:HAL_GPIO_EXTI_Callback	16	static
../Core/Src/main.c:1371:6:HAL_RTC_AlarmAEventCallback	16	static
../Core/Src/main.c:1383:6:Error_Handler	4	static,ignoring_inline_asm
