../Core/Src/main.c:43:13:SIM_FakeFillResponse	24	static
../Core/Src/main.c:246:6:CheckHeader	8	static
../Core/Src/main.c:291:19:LOG	16	static
../Core/Src/main.c:301:7:VolumeTotal	72	static
../Core/Src/main.c:329:5:main	184	static
../Core/Src/main.c:1349:6:SystemClock_Config	88	static
../Core/Src/main.c:1395:13:MX_ADC1_Init	24	static
../Core/Src/main.c:1439:13:MX_ADC2_Init	24	static
../Core/Src/main.c:1483:13:MX_I2C1_Init	8	static
../Core/Src/main.c:1515:13:MX_RTC_Init	24	static
../Core/Src/main.c:1580:13:MX_TIM1_Init	32	static
../Core/Src/main.c:1623:13:MX_USART1_UART_Init	8	static
../Core/Src/main.c:1654:13:MX_USART2_UART_Init	8	static
../Core/Src/main.c:1685:13:MX_GPIO_Init	40	static
../Core/Src/main.c:1766:6:HAL_UARTEx_RxEventCallback	16	static
../Core/Src/main.c:1798:6:HAL_GPIO_EXTI_Callback	16	static
../Core/Src/main.c:1805:6:HAL_RTC_AlarmAEventCallback	16	static
../Core/Src/main.c:1817:6:Error_Handler	4	static,ignoring_inline_asm
