15:42:07 **** Incremental Build of configuration Debug for project Controller ****
make -j8 all 
arm-none-eabi-gcc "../Core/Src/main.c" -mcpu=cortex-m3 -std=gnu11 -g3 -DDEBUG -DUSE_HAL_DRIVER -DSTM32F103xB -c -I../Core/Inc -I../Drivers/STM32F1xx_HAL_Driver/Inc/Legacy -I../Drivers/STM32F1xx_HAL_Driver/Inc -I../Drivers/CMSIS/Device/ST/STM32F1xx/Include -I../Drivers/CMSIS/Include -O0 -ffunction-sections -fdata-sections -Wall -fstack-usage -fcyclomatic-complexity -MMD -MP -MF"Core/Src/main.d" -MT"Core/Src/main.o" --specs=nano.specs -mfloat-abi=soft -mthumb -o "Core/Src/main.o"
../Core/Src/main.c: In function 'main':
../Core/Src/main.c:850:37: warning: implicit declaration of function 'fabsf' [-Wimplicit-function-declaration]
  850 |                                 if (fabsf(loadcell_1_door) < 5.0f)
      |                                     ^~~~~
../Core/Src/main.c:25:1: note: include '<math.h>' or provide a declaration of 'fabsf'
   24 | #include <stdlib.h>    // atof, srand
  +++ |+#include <math.h>
   25 | #include <string.h>    // memset, memcpy, strstr, ...
../Core/Src/main.c:850:37: warning: incompatible implicit declaration of built-in function 'fabsf' [-Wbuiltin-declaration-mismatch]
  850 |                                 if (fabsf(loadcell_1_door) < 5.0f)
      |                                     ^~~~~
../Core/Src/main.c:850:37: note: include '<math.h>' or provide a declaration of 'fabsf'
../Core/Src/main.c:852:37: warning: incompatible implicit declaration of built-in function 'fabsf' [-Wbuiltin-declaration-mismatch]
  852 |                                 if (fabsf(loadcell_2_door) < 5.0f)
      |                                     ^~~~~
../Core/Src/main.c:852:37: note: include '<math.h>' or provide a declaration of 'fabsf'
../Core/Src/main.c:967:37: warning: incompatible implicit declaration of built-in function 'fabsf' [-Wbuiltin-declaration-mismatch]
  967 |                                 if (fabsf(loadcell_1_door) < 5.0f)
      |                                     ^~~~~
../Core/Src/main.c:967:37: note: include '<math.h>' or provide a declaration of 'fabsf'
../Core/Src/main.c:969:37: warning: incompatible implicit declaration of built-in function 'fabsf' [-Wbuiltin-declaration-mismatch]
  969 |                                 if (fabsf(loadcell_2_door) < 5.0f)
      |                                     ^~~~~
../Core/Src/main.c:969:37: note: include '<math.h>' or provide a declaration of 'fabsf'
../Core/Src/main.c:1194:37: warning: incompatible implicit declaration of built-in function 'fabsf' [-Wbuiltin-declaration-mismatch]
 1194 |                                 if (fabsf(loadcell_1) < 5.0f)
      |                                     ^~~~~
../Core/Src/main.c:1194:37: note: include '<math.h>' or provide a declaration of 'fabsf'
../Core/Src/main.c:1196:37: warning: incompatible implicit declaration of built-in function 'fabsf' [-Wbuiltin-declaration-mismatch]
 1196 |                                 if (fabsf(loadcell_2) < 5.0f)
      |                                     ^~~~~
../Core/Src/main.c:1196:37: note: include '<math.h>' or provide a declaration of 'fabsf'
arm-none-eabi-gcc -o "Controller.elf" @"objects.list"   -mcpu=cortex-m3 -T"C:\Users\bb\Desktop\refeed\ControllerProject\WorkSpace_Controller10_1\controller10_1\Controller10_1\STM32F103C8TX_FLASH.ld" --specs=nosys.specs -Wl,-Map="Controller.map" -Wl,--gc-sections -static --specs=nano.specs -mfloat-abi=soft -mthumb -u _printf_float -Wl,--start-group -lc -lm -Wl,--end-group
Finished building target: Controller.elf
 
arm-none-eabi-size  Controller.elf 
arm-none-eabi-objdump -h -S Controller.elf  > "Controller.list"
   text	   data	    bss	    dec	    hex	filename
  55592	    548	   4924	  61064	   ee88	Controller.elf
Finished building: default.size.stdout
 
Finished building: Controller.list
 

15:42:08 Build Finished. 0 errors, 7 warnings. (took 1s.407ms)

