../Core/Src/WATERSENSOR.c:38:14:WS_IndexToMass	16	static
../Core/Src/WATERSENSOR.c:50:24:to_hal_addr	16	static
../Core/Src/WATERSENSOR.c:54:6:WATER_Init	24	static
../Core/Src/WATERSENSOR.c:73:6:WATER_SetActiveHandle	16	static
../Core/Src/WATERSENSOR.c:80:6:WATER_InitDefault	24	static
../Core/Src/WATERSENSOR.c:86:26:i2c_recv	32	static
../Core/Src/WATERSENSOR.c:92:19:WATER_ReadRaw	48	static
../Core/Src/WATERSENSOR.c:115:21:WATER_ReadRawFull	216	static
../Core/Src/WATERSENSOR.c:176:12:compute_last_on_with_threshold	24	static
../Core/Src/WATERSENSOR.c:190:7:WATER_ComputeHeightMM	24	static
../Core/Src/WATERSENSOR.c:203:7:WATER_ReadHeightMM_Threshold	40	static
../Core/Src/WATERSENSOR.c:217:7:WATER_ReadLastOn_Threshold	184	static
../Core/Src/WATERSENSOR.c:321:7:WATER_ReadHeightMM_Quick	16	static
../Core/Src/WATERSENSOR.c:327:7:WATER_ReadLastOn_Quick	16	static
../Core/Src/WATERSENSOR.c:334:7:WATER_ReadLastOn_Quick_Dummy	16	static
../Core/Src/WATERSENSOR.c:340:7:WATER_ReadHeightMM_Dummy	16	static
../Core/Src/WATERSENSOR.c:346:7:WATER_ReadHeightMM_Quick_Dummy	16	static
