../Core/Src/main.c:1486:13:MX_I2C1_Init	8	static,ignoring_inline_asm
../Core/Src/main.c:1626:13:MX_USART1_UART_Init	8	static,ignoring_inline_asm
../Core/Src/main.c:1657:13:MX_USART2_UART_Init	8	static,ignoring_inline_asm
../Core/Src/main.c:1398:13:MX_ADC1_Init	32	static,ignoring_inline_asm
../Core/Src/main.c:1442:13:MX_ADC2_Init	32	static,ignoring_inline_asm
../Core/Src/main.c:1688:13:MX_GPIO_Init	64	static
../Core/Src/main.c:43:13:SIM_FakeFillResponse.constprop	8	static
../Core/Src/main.c:291:19:LOG	16	static
../Core/Src/main.c:246:6:CheckHeader	8	static
../Core/Src/main.c:301:7:VolumeTotal	24	static
../Core/Src/main.c:1352:6:SystemClock_Config	88	static,ignoring_inline_asm
../Core/Src/main.c:329:5:main	144	static,ignoring_inline_asm
../Core/Src/main.c:1769:6:HAL_UARTEx_RxEventCallback	16	static
../Core/Src/main.c:1801:6:HAL_GPIO_EXTI_Callback	0	static
../Core/Src/main.c:1808:6:HAL_RTC_AlarmAEventCallback	0	static
../Core/Src/main.c:1820:6:Error_Handler	0	static,ignoring_inline_asm
