../Core/Src/main.c:1412:13:MX_I2C1_Init	8	static,ignoring_inline_asm
../Core/Src/main.c:1552:13:MX_USART1_UART_Init	8	static,ignoring_inline_asm
../Core/Src/main.c:1583:13:MX_USART2_UART_Init	8	static,ignoring_inline_asm
../Core/Src/main.c:1324:13:MX_ADC1_Init	32	static,ignoring_inline_asm
../Core/Src/main.c:1368:13:MX_ADC2_Init	32	static,ignoring_inline_asm
../Core/Src/main.c:1614:13:MX_GPIO_Init	64	static
../Core/Src/main.c:43:13:SIM_FakeFillResponse.constprop	8	static
../Core/Src/main.c:292:19:LOG	16	static
../Core/Src/main.c:247:6:CheckHeader	8	static
../Core/Src/main.c:302:7:VolumeTotal	24	static
../Core/Src/main.c:1278:6:SystemClock_Config	88	static,ignoring_inline_asm
../Core/Src/main.c:330:5:main	144	static,ignoring_inline_asm
../Core/Src/main.c:1695:6:HAL_UARTEx_RxEventCallback	16	static
../Core/Src/main.c:1727:6:HAL_GPIO_EXTI_Callback	0	static
../Core/Src/main.c:1734:6:HAL_RTC_AlarmAEventCallback	0	static
../Core/Src/main.c:1746:6:Error_Handler	0	static,ignoring_inline_asm
