18:58:30 **** Incremental Build of configuration Debug for project Controller ****
make -j8 all 
arm-none-eabi-gcc "../Core/Src/main.c" -mcpu=cortex-m3 -std=gnu11 -g3 -DDEBUG -DUSE_HAL_DRIVER -DSTM32F103xB -c -I../Core/Inc -I../Drivers/STM32F1xx_HAL_Driver/Inc/Legacy -I../Drivers/STM32F1xx_HAL_Driver/Inc -I../Drivers/CMSIS/Device/ST/STM32F1xx/Include -I../Drivers/CMSIS/Include -O0 -ffunction-sections -fdata-sections -Wall -fstack-usage -fcyclomatic-complexity -MMD -MP -MF"Core/Src/main.d" -MT"Core/Src/main.o" --specs=nano.specs -mfloat-abi=soft -mthumb -o "Core/Src/main.o"
../Core/Src/main.c: In function 'main':
../Core/Src/main.c:329:3: warning: implicit declaration of function 'srand' [-Wimplicit-function-declaration]
  329 |   srand(HAL_GetTick()); // For random value in WATERSENSOR.c
      |   ^~~~~
arm-none-eabi-gcc -o "Controller.elf" @"objects.list"   -mcpu=cortex-m3 -T"C:\Users\bb\Desktop\refeed\ControllerProject\WorkSpace_Controller7\controller7\Controller7\STM32F103C8TX_FLASH.ld" --specs=nosys.specs -Wl,-Map="Controller.map" -Wl,--gc-sections -static --specs=nano.specs -mfloat-abi=soft -mthumb -u _printf_float -Wl,--start-group -lc -lm -Wl,--end-group
Finished building target: Controller.elf
 
arm-none-eabi-size  Controller.elf 
arm-none-eabi-objdump -h -S Controller.elf  > "Controller.list"
   text	   data	    bss	    dec	    hex	filename
  57696	    556	   4972	  63224	   f6f8	Controller.elf
Finished building: default.size.stdout
 
Finished building: Controller.list
 
18:58:51 **** Incremental Build of configuration Debug for project Controller ****
make -j8 all 
arm-none-eabi-size  Controller.elf 
   text	   data	    bss	    dec	    hex	filename
  57696	    556	   4972	  63224	   f6f8	Controller.elf
Finished building: default.size.stdout
 
18:59:24 **** Incremental Build of configuration Debug for project Controller ****
make -j8 all 
arm-none-eabi-size  Controller.elf 
   text	   data	    bss	    dec	    hex	filename
  57696	    556	   4972	  63224	   f6f8	Controller.elf
Finished building: default.size.stdout
 
19:00:20 **** Incremental Build of configuration Debug for project Controller ****
make -j8 all 
arm-none-eabi-size  Controller.elf 
   text	   data	    bss	    dec	    hex	filename
  57696	    556	   4972	  63224	   f6f8	Controller.elf
Finished building: default.size.stdout
 
