../Core/Src/main.c:1347:13:MX_USART1_UART_Init	8	static,ignoring_inline_asm
../Core/Src/main.c:1380:13:MX_USART2_UART_Init	8	static,ignoring_inline_asm
../Core/Src/main.c:1103:13:MX_ADC1_Init	32	static,ignoring_inline_asm
../Core/Src/main.c:1150:13:MX_ADC2_Init	32	static,ignoring_inline_asm
../Core/Src/main.c:1413:13:MX_GPIO_Init	64	static
../Core/Src/main.c:1197:13:MX_I2C1_Init	8	static,ignoring_inline_asm
../Core/Src/main.c:43:14:SIM_FakeFillResponse.constprop	8	static
../Core/Src/main.c:306:20:LOG	16	static
../Core/Src/main.c:250:7:CheckHeader	8	static
../Core/Src/main.c:342:8:VolumeTotal	24	static
../Core/Src/main.c:1054:6:SystemClock_Config	88	static,ignoring_inline_asm
../Core/Src/main.c:369:5:main	152	static,ignoring_inline_asm
../Core/Src/main.c:1494:7:HAL_UARTEx_RxEventCallback	16	static
../Core/Src/main.c:1527:7:HAL_GPIO_EXTI_Callback	0	static
../Core/Src/main.c:1536:7:HAL_RTC_AlarmAEventCallback	0	static
../Core/Src/main.c:1549:6:Error_Handler	0	static,ignoring_inline_asm
