../Core/Src/main.c:1013:13:MX_USART1_UART_Init	8	static,ignoring_inline_asm
../Core/Src/main.c:1046:13:MX_USART2_UART_Init	8	static,ignoring_inline_asm
../Core/Src/main.c:769:13:MX_ADC1_Init	32	static,ignoring_inline_asm
../Core/Src/main.c:816:13:MX_ADC2_Init	32	static,ignoring_inline_asm
../Core/Src/main.c:1079:13:MX_GPIO_Init	64	static
../Core/Src/main.c:863:13:MX_I2C1_Init	8	static,ignoring_inline_asm
../Core/Src/main.c:218:19:LOG	16	static
../Core/Src/main.c:167:6:CheckHeader	8	static
../Core/Src/main.c:254:7:VolumeTotal	24	static
../Core/Src/main.c:720:6:SystemClock_Config	88	static,ignoring_inline_asm
../Core/Src/main.c:281:5:main	144	static,ignoring_inline_asm
../Core/Src/main.c:1160:6:HAL_UARTEx_RxEventCallback	8	static
../Core/Src/main.c:1179:6:HAL_GPIO_EXTI_Callback	8	static
../Core/Src/main.c:1189:6:HAL_RTC_AlarmAEventCallback	0	static
../Core/Src/main.c:1201:6:Error_Handler	0	static,ignoring_inline_asm
