../Core/Src/main.c:292:19:LOG	16	static
../Core/Src/main.c:246:6:CheckHeader	8	static
../Core/Src/main.c:302:7:VolumeTotal	24	static
../Core/Src/main.c:620:6:SystemClock_Config	88	static,ignoring_inline_asm
../Core/Src/main.c:330:5:main	160	static,ignoring_inline_asm
../Core/Src/main.c:1037:6:HAL_UARTEx_RxEventCallback	16	static
../Core/Src/main.c:1069:6:HAL_GPIO_EXTI_Callback	0	static
../Core/Src/main.c:1076:6:HAL_RTC_AlarmAEventCallback	0	static
../Core/Src/main.c:1088:6:Error_Handler	0	static,ignoring_inline_asm
