../Core/Src/VL53L0X.c:1045:10:timeoutMicrosecondsToMclks	0	static
../Core/Src/VL53L0X.c:1012:10:encodeTimeout	0	static
../Core/Src/VL53L0X.c:57:6:VL53L0X_SetI2cHandler	0	static
../Core/Src/VL53L0X.c:90:6:writeReg	24	static
../Core/Src/VL53L0X.c:97:6:writeReg16Bit	24	static
../Core/Src/VL53L0X.c:104:6:writeReg32Bit	24	static
../Core/Src/VL53L0X.c:111:9:readReg	24	static
../Core/Src/VL53L0X.c:121:10:readReg16Bit	24	static
../Core/Src/VL53L0X.c:131:10:readReg32Bit	24	static
../Core/Src/VL53L0X.c:141:6:writeMulti	24	static
../Core/Src/VL53L0X.c:149:6:readMulti	24	static
../Core/Src/VL53L0X.c:157:6:setAddress_VL53L0X	8	static
../Core/Src/VL53L0X.c:162:9:getAddress_VL53L0X	0	static
../Core/Src/VL53L0X.c:411:6:setSignalRateLimit	16	static
../Core/Src/VL53L0X.c:421:7:getSignalRateLimit	8	static
../Core/Src/VL53L0X.c:753:9:getVcselPulsePeriod	8	static
../Core/Src/VL53L0X.c:772:6:startContinuous	8	static
../Core/Src/VL53L0X.c:810:6:stopContinuous	8	static
../Core/Src/VL53L0X.c:825:10:readRangeContinuousMillimeters	32	static
../Core/Src/VL53L0X.c:868:10:readRangeSingleMillimeters	16	static
../Core/Src/VL53L0X.c:62:7:VL53L0X_OFFSET	24	static
../Core/Src/VL53L0X.c:76:7:VL53L0X_ReadDistance	24	static
../Core/Src/VL53L0X.c:890:6:timeoutOccurred	0	static
../Core/Src/VL53L0X.c:897:6:setTimeout	0	static
../Core/Src/VL53L0X.c:901:10:getTimeout	0	static
../Core/Src/VL53L0X.c:910:6:getSpadInfo	24	static
../Core/Src/VL53L0X.c:952:6:getSequenceStepEnables	8	static
../Core/Src/VL53L0X.c:967:6:getSequenceStepTimeouts	24	static
../Core/Src/VL53L0X.c:433:6:setMeasurementTimingBudget	48	static
../Core/Src/VL53L0X.c:522:10:getMeasurementTimingBudget	40	static
../Core/Src/VL53L0X.c:1054:6:performSingleRefCalibration	16	static
../Core/Src/VL53L0X.c:174:6:initVL53L0X	40	static
../Core/Src/VL53L0X.c:576:6:setVcselPulsePeriod	48	static
../Core/Src/VL53L0X.c:1072:7:VL53L0X_ReadDistance_Dummy	8	static
