../Core/Src/main.c:167:6:CheckHeader	8	static
../Core/Src/main.c:218:19:LOG	16	static
../Core/Src/main.c:254:7:VolumeTotal	72	static
../Core/Src/main.c:281:5:main	144	static
../Core/Src/main.c:733:6:SystemClock_Config	88	static
../Core/Src/main.c:782:13:MX_ADC1_Init	24	static
../Core/Src/main.c:829:13:MX_ADC2_Init	24	static
../Core/Src/main.c:876:13:MX_I2C1_Init	8	static
../Core/Src/main.c:910:13:MX_RTC_Init	24	static
../Core/Src/main.c:980:13:MX_TIM1_Init	32	static
../Core/Src/main.c:1026:13:MX_USART1_UART_Init	8	static
../Core/Src/main.c:1059:13:MX_USART2_UART_Init	8	static
../Core/Src/main.c:1092:13:MX_GPIO_Init	40	static
../Core/Src/main.c:1173:6:HAL_UARTEx_RxEventCallback	16	static
../Core/Src/main.c:1192:6:HAL_GPIO_EXTI_Callback	16	static
../Core/Src/main.c:1202:6:HAL_RTC_AlarmAEventCallback	16	static
../Core/Src/main.c:1214:6:Error_Handler	4	static,ignoring_inline_asm
