../Core/Src/WATERSENSOR.c:115:12:compute_last_on_with_threshold	8	static
../Core/Src/WATERSENSOR.c:53:6:WATER_Init	8	static
../Core/Src/WATERSENSOR.c:72:6:WATER_SetActiveHandle	0	static
../Core/Src/WATERSENSOR.c:79:6:WATER_InitDefault	0	static
../Core/Src/WATERSENSOR.c:91:19:WATER_ReadRaw	48	static
../Core/Src/WATERSENSOR.c:127:7:WATER_ComputeHeightMM	8	static
../Core/Src/WATERSENSOR.c:140:7:WATER_ReadHeightMM_Threshold	40	static
../Core/Src/WATERSENSOR.c:153:7:WATER_ReadLastOn_Threshold	128	static
../Core/Src/WATERSENSOR.c:221:7:WATER_ReadHeightMM_Quick	0	static
../Core/Src/WATERSENSOR.c:227:7:WATER_ReadLastOn_Quick	0	static
