../Core/Src/main.c:44:13:SIM_FakeFillResponse	24	static
../Core/Src/main.c:240:6:CheckHeader	8	static
../Core/Src/main.c:293:19:LOG	16	static
../Core/Src/main.c:329:7:VolumeTotal	72	static
../Core/Src/main.c:356:5:main	176	static
../Core/Src/main.c:930:6:SystemClock_Config	88	static
../Core/Src/main.c:979:13:MX_ADC1_Init	24	static
../Core/Src/main.c:1026:13:MX_ADC2_Init	24	static
../Core/Src/main.c:1073:13:MX_I2C1_Init	8	static
../Core/Src/main.c:1107:13:MX_RTC_Init	24	static
../Core/Src/main.c:1177:13:MX_TIM1_Init	32	static
../Core/Src/main.c:1223:13:MX_USART1_UART_Init	8	static
../Core/Src/main.c:1256:13:MX_USART2_UART_Init	8	static
../Core/Src/main.c:1289:13:MX_GPIO_Init	40	static
../Core/Src/main.c:1370:6:HAL_UARTEx_RxEventCallback	16	static
../Core/Src/main.c:1403:6:HAL_GPIO_EXTI_Callback	16	static
../Core/Src/main.c:1412:6:HAL_RTC_AlarmAEventCallback	16	static
../Core/Src/main.c:1425:6:Error_Handler	4	static,ignoring_inline_asm
