19:42:57 **** Incremental Build of configuration Debug for project Controller ****
make -j8 all 
arm-none-eabi-gcc "../Core/Src/main.c" -mcpu=cortex-m3 -std=gnu11 -g3 -DDEBUG -DUSE_HAL_DRIVER -DSTM32F103xB -c -I../Core/Inc -I../Drivers/STM32F1xx_HAL_Driver/Inc/Legacy -I../Drivers/STM32F1xx_HAL_Driver/Inc -I../Drivers/CMSIS/Device/ST/STM32F1xx/Include -I../Drivers/CMSIS/Include -O0 -ffunction-sections -fdata-sections -Wall -fstack-usage -fcyclomatic-complexity -MMD -MP -MF"Core/Src/main.d" -MT"Core/Src/main.o" --specs=nano.specs -mfloat-abi=soft -mthumb -o "Core/Src/main.o"
../Core/Src/main.c: In function 'main':
../Core/Src/main.c:830:37: warning: implicit declaration of function 'fabsf' [-Wimplicit-function-declaration]
  830 |                                 if (fabsf(loadcell_1_door) < 5.0f)
      |                                     ^~~~~
../Core/Src/main.c:25:1: note: include '<math.h>' or provide a declaration of 'fabsf'
   24 | #include <stdlib.h>    // atof, srand
  +++ |+#include <math.h>
   25 | #include <string.h>    // memset, memcpy, strstr, ...
../Core/Src/main.c:830:37: warning: incompatible implicit declaration of built-in function 'fabsf' [-Wbuiltin-declaration-mismatch]
  830 |                                 if (fabsf(loadcell_1_door) < 5.0f)
      |                                     ^~~~~
../Core/Src/main.c:830:37: note: include '<math.h>' or provide a declaration of 'fabsf'
../Core/Src/main.c:832:37: warning: incompatible implicit declaration of built-in function 'fabsf' [-Wbuiltin-declaration-mismatch]
  832 |                                 if (fabsf(loadcell_2_door) < 5.0f)
      |                                     ^~~~~
../Core/Src/main.c:832:37: note: include '<math.h>' or provide a declaration of 'fabsf'
../Core/Src/main.c:949:37: warning: incompatible implicit declaration of built-in function 'fabsf' [-Wbuiltin-declaration-mismatch]
  949 |                                 if (fabsf(loadcell_1_door) < 5.0f)
      |                                     ^~~~~
../Core/Src/main.c:949:37: note: include '<math.h>' or provide a declaration of 'fabsf'
../Core/Src/main.c:951:37: warning: incompatible implicit declaration of built-in function 'fabsf' [-Wbuiltin-declaration-mismatch]
  951 |                                 if (fabsf(loadcell_2_door) < 5.0f)
      |                                     ^~~~~
../Core/Src/main.c:951:37: note: include '<math.h>' or provide a declaration of 'fabsf'
../Core/Src/main.c:1178:37: warning: incompatible implicit declaration of built-in function 'fabsf' [-Wbuiltin-declaration-mismatch]
 1178 |                                 if (fabsf(loadcell_1) < 5.0f)
      |                                     ^~~~~
../Core/Src/main.c:1178:37: note: include '<math.h>' or provide a declaration of 'fabsf'
../Core/Src/main.c:1180:37: warning: incompatible implicit declaration of built-in function 'fabsf' [-Wbuiltin-declaration-mismatch]
 1180 |                                 if (fabsf(loadcell_2) < 5.0f)
      |                                     ^~~~~
../Core/Src/main.c:1180:37: note: include '<math.h>' or provide a declaration of 'fabsf'
arm-none-eabi-gcc -o "Controller.elf" @"objects.list"   -mcpu=cortex-m3 -T"C:\Users\bb\Desktop\refeed\ControllerProject\WorkSpace_Controller10_1\controller10_1\Controller10_1\STM32F103C8TX_FLASH.ld" --specs=nosys.specs -Wl,-Map="Controller.map" -Wl,--gc-sections -static --specs=nano.specs -mfloat-abi=soft -mthumb -u _printf_float -Wl,--start-group -lc -lm -Wl,--end-group
Finished building target: Controller.elf
 
arm-none-eabi-size  Controller.elf 
arm-none-eabi-objdump -h -S Controller.elf  > "Controller.list"
   text	   data	    bss	    dec	    hex	filename
  53088	    548	   4924	  58560	   e4c0	Controller.elf
Finished building: default.size.stdout
 
Finished building: Controller.list
 
19:43:02 **** Incremental Build of configuration Release for project Controller ****
make -j8 all 
arm-none-eabi-gcc "../Core/Src/main.c" -mcpu=cortex-m3 -std=gnu11 -DUSE_HAL_DRIVER -DSTM32F103xB -c -I../Core/Inc -I../Drivers/STM32F1xx_HAL_Driver/Inc/Legacy -I../Drivers/STM32F1xx_HAL_Driver/Inc -I../Drivers/CMSIS/Device/ST/STM32F1xx/Include -I../Drivers/CMSIS/Include -Os -ffunction-sections -fdata-sections -Wall -fstack-usage -fcyclomatic-complexity -MMD -MP -MF"Core/Src/main.d" -MT"Core/Src/main.o" --specs=nano.specs -mfloat-abi=soft -mthumb -o "Core/Src/main.o"
../Core/Src/main.c: In function 'main':
../Core/Src/main.c:830:37: warning: implicit declaration of function 'fabsf' [-Wimplicit-function-declaration]
  830 |                                 if (fabsf(loadcell_1_door) < 5.0f)
      |                                     ^~~~~
../Core/Src/main.c:25:1: note: include '<math.h>' or provide a declaration of 'fabsf'
   24 | #include <stdlib.h>    // atof, srand
  +++ |+#include <math.h>
   25 | #include <string.h>    // memset, memcpy, strstr, ...
../Core/Src/main.c:830:37: warning: incompatible implicit declaration of built-in function 'fabsf' [-Wbuiltin-declaration-mismatch]
  830 |                                 if (fabsf(loadcell_1_door) < 5.0f)
      |                                     ^~~~~
../Core/Src/main.c:830:37: note: include '<math.h>' or provide a declaration of 'fabsf'
../Core/Src/main.c:832:37: warning: incompatible implicit declaration of built-in function 'fabsf' [-Wbuiltin-declaration-mismatch]
  832 |                                 if (fabsf(loadcell_2_door) < 5.0f)
      |                                     ^~~~~
../Core/Src/main.c:832:37: note: include '<math.h>' or provide a declaration of 'fabsf'
../Core/Src/main.c:949:37: warning: incompatible implicit declaration of built-in function 'fabsf' [-Wbuiltin-declaration-mismatch]
  949 |                                 if (fabsf(loadcell_1_door) < 5.0f)
      |                                     ^~~~~
../Core/Src/main.c:949:37: note: include '<math.h>' or provide a declaration of 'fabsf'
../Core/Src/main.c:951:37: warning: incompatible implicit declaration of built-in function 'fabsf' [-Wbuiltin-declaration-mismatch]
  951 |                                 if (fabsf(loadcell_2_door) < 5.0f)
      |                                     ^~~~~
../Core/Src/main.c:951:37: note: include '<math.h>' or provide a declaration of 'fabsf'
../Core/Src/main.c:1178:37: warning: incompatible implicit declaration of built-in function 'fabsf' [-Wbuiltin-declaration-mismatch]
 1178 |                                 if (fabsf(loadcell_1) < 5.0f)
      |                                     ^~~~~
../Core/Src/main.c:1178:37: note: include '<math.h>' or provide a declaration of 'fabsf'
../Core/Src/main.c:1180:37: warning: incompatible implicit declaration of built-in function 'fabsf' [-Wbuiltin-declaration-mismatch]
 1180 |                                 if (fabsf(loadcell_2) < 5.0f)
      |                                     ^~~~~
../Core/Src/main.c:1180:37: note: include '<math.h>' or provide a declaration of 'fabsf'
arm-none-eabi-gcc -o "Controller.elf" @"objects.list"   -mcpu=cortex-m3 -T"C:\Users\bb\Desktop\refeed\ControllerProject\WorkSpace_Controller10_1\controller10_1\Controller10_1\STM32F103C8TX_FLASH.ld" --specs=nosys.specs -Wl,-Map="Controller.map" -Wl,--gc-sections -static -u_printf_float --specs=nano.specs -mfloat-abi=soft -mthumb -Wl,--start-group -lc -lm -Wl,--end-group
Finished building target: Controller.elf
 
arm-none-eabi-size  Controller.elf 
arm-none-eabi-objdump -h -S Controller.elf  > "Controller.list"
   text	   data	    bss	    dec	    hex	filename
  38120	    548	   4924	  43592	   aa48	Controller.elf
Finished building: default.size.stdout
 
Finished building: Controller.list
 
19:43:39 **** Incremental Build of configuration Release for project Controller ****
make -j8 all 
arm-none-eabi-size  Controller.elf 
   text	   data	    bss	    dec	    hex	filename
  38120	    548	   4924	  43592	   aa48	Controller.elf
Finished building: default.size.stdout
 
