../Core/Src/main.c:43:13:SIM_FakeFillResponse	24	static
../Core/Src/main.c:246:6:CheckHeader	8	static
../Core/Src/main.c:292:19:LOG	16	static
../Core/Src/main.c:302:7:VolumeTotal	72	static
../Core/Src/main.c:330:5:main	136	static
../Core/Src/main.c:620:6:SystemClock_Config	88	static
../Core/Src/main.c:666:13:MX_ADC1_Init	24	static
../Core/Src/main.c:710:13:MX_ADC2_Init	24	static
../Core/Src/main.c:754:13:MX_I2C1_Init	8	static
../Core/Src/main.c:786:13:MX_RTC_Init	24	static
../Core/Src/main.c:851:13:MX_TIM1_Init	32	static
../Core/Src/main.c:894:13:MX_USART1_UART_Init	8	static
../Core/Src/main.c:925:13:MX_USART2_UART_Init	8	static
../Core/Src/main.c:956:13:MX_GPIO_Init	40	static
../Core/Src/main.c:1037:6:HAL_UARTEx_RxEventCallback	16	static
../Core/Src/main.c:1069:6:HAL_GPIO_EXTI_Callback	16	static
../Core/Src/main.c:1076:6:HAL_RTC_AlarmAEventCallback	16	static
../Core/Src/main.c:1088:6:Error_Handler	4	static,ignoring_inline_asm
