../Core/Src/WATERSENSOR.c:176:12:compute_last_on_with_threshold	8	static
../Core/Src/WATERSENSOR.c:54:6:WATER_Init	8	static
../Core/Src/WATERSENSOR.c:73:6:WATER_SetActiveHandle	0	static
../Core/Src/WATERSENSOR.c:80:6:WATER_InitDefault	0	static
../Core/Src/WATERSENSOR.c:92:19:WATER_ReadRaw	48	static
../Core/Src/WATERSENSOR.c:115:21:WATER_ReadRawFull	216	static
../Core/Src/WATERSENSOR.c:190:7:WATER_ComputeHeightMM	8	static
../Core/Src/WATERSENSOR.c:203:7:WATER_ReadHeightMM_Threshold	40	static
../Core/Src/WATERSENSOR.c:217:7:WATER_ReadLastOn_Threshold	136	static
../Core/Src/WATERSENSOR.c:366:7:WATER_ReadHeightMM_Quick	0	static
../Core/Src/WATERSENSOR.c:372:7:WATER_ReadLastOn_Quick	0	static
../Core/Src/WATERSENSOR.c:379:7:WATER_ReadLastOn_Quick_Dummy	8	static
../Core/Src/WATERSENSOR.c:385:7:WATER_ReadHeightMM_Dummy	8	static
../Core/Src/WATERSENSOR.c:391:7:WATER_ReadHeightMM_Quick_Dummy	8	static
