../Core/Src/WATERSENSOR.c:121:12:compute_last_on_with_threshold	8	static
../Core/Src/WATERSENSOR.c:36:6:WATER_SetMassTable	8	static
../Core/Src/WATERSENSOR.c:54:6:WATER_Init	8	static
../Core/Src/WATERSENSOR.c:72:6:WATER_SetActiveHandle	0	static
../Core/Src/WATERSENSOR.c:77:6:WATER_InitDefault	0	static
../Core/Src/WATERSENSOR.c:92:19:WATER_ReadRaw	48	static
../Core/Src/WATERSENSOR.c:137:7:WATER_ComputeHeightMM	8	static
../Core/Src/WATERSENSOR.c:149:7:WATER_ReadHeightMM_Threshold	40	static
../Core/Src/WATERSENSOR.c:163:5:WATER_ReadLastIndex_Threshold	32	static
../Core/Src/WATERSENSOR.c:178:7:WATER_ReadLastOn_Threshold	40	static
../Core/Src/WATERSENSOR.c:214:7:WATER_ReadHeightMM_Quick	0	static
../Core/Src/WATERSENSOR.c:220:5:WATER_ReadLastIndex_Quick	0	static
../Core/Src/WATERSENSOR.c:226:7:WATER_ReadLastOn_Quick	0	static
