../Core/Src/Handlers/Validation.c:16:6:parsePhoneNumber.part.0	24	static
../Core/Src/Handlers/Validation.c:16:6:parsePhoneNumber	0	static
../Core/Src/Handlers/Validation.c:47:6:isPhoneNumberValid	0	static
../Core/Src/Handlers/Validation.c:61:6:buildIdentityJSON	32	static
../Core/Src/Handlers/Validation.c:80:6:simWakeupCheck	8	static
../Core/Src/Handlers/Validation.c:88:11:simIdentityRequest	8	static
../Core/Src/Handlers/Validation.c:108:6:printSimResult	0	static
../Core/Src/Handlers/Validation.c:122:6:Validation	304	static
