../Core/Src/main.c:1247:13:MX_GPIO_Init	64	static
../Core/Src/main.c:173:6:CheckHeader	8	static
../Core/Src/main.c:221:19:LOG	16	static
../Core/Src/main.c:264:7:VolumeTotal	24	static
../Core/Src/main.c:853:6:SystemClock_Config	88	static,ignoring_inline_asm
../Core/Src/main.c:291:5:main	48	static,ignoring_inline_asm
../Core/Src/main.c:1328:6:HAL_UARTEx_RxEventCallback	8	static
../Core/Src/main.c:1341:6:USB_CDC_RxHandler	0	static
../Core/Src/main.c:1347:6:HAL_GPIO_EXTI_Callback	0	static
../Core/Src/main.c:1357:6:HAL_RTC_AlarmAEventCallback	0	static
../Core/Src/main.c:1369:6:Error_Handler	0	static,ignoring_inline_asm
